[1mxRooFit -- Create/Explore/Modify Workspaces -- Development ongoing[0m 
                xRooFit : http://gitlab.cern.ch/will/xroofit
                Version: v0.0.1-63-g58420b1 [2026-01-30 10:47:53 +0000]
[1mTRExFitter version -- v1.8.0
[0m[0;33m[ WARNING ][0;0m trex-fitter.cc:47    16-09-2026 15:24:41 | Not able to pre-read the DebugLevel => keep the default (1).
[1;32m[ INFO    ][0;0m ConfigReaderMu...:28 16-09-2026 15:24:41 | Started reading the config for multifit
[1;32m[ INFO    ][0;0m ConfigParser....:386 16-09-2026 15:24:41 | Reading config file: BND-school/combination/combLieke/mumu_ee_tautau/generated/multifit.config
[1;32m[ INFO    ][0;0m ConfigParser....:386 16-09-2026 15:24:41 | Reading config file: /project/atlas/Users/lgijsen/BND-school/TRExFitter-v1.8.0/multiFitSchema.config
[1;32m[ INFO    ][0;0m ConfigReader.c...:48 16-09-2026 15:24:41 | Started reading the config
[1;32m[ INFO    ][0;0m ConfigParser....:386 16-09-2026 15:24:41 | Reading config file: /project/atlas/Users/lgijsen/BND-school/combination/combLieke/mumu_ee_tautau/generated/mumu.config
[1;32m[ INFO    ][0;0m ConfigParser....:386 16-09-2026 15:24:41 | Reading config file: /project/atlas/Users/lgijsen/BND-school/TRExFitter-v1.8.0/jobSchema.config
[1;32m[ INFO    ][0;0m ConfigReader.c...:48 16-09-2026 15:24:41 | Started reading the config
[1;32m[ INFO    ][0;0m ConfigParser....:386 16-09-2026 15:24:41 | Reading config file: /project/atlas/Users/lgijsen/BND-school/combination/combLieke/mumu_ee_tautau/generated/ee.config
[1;32m[ INFO    ][0;0m ConfigParser....:386 16-09-2026 15:24:41 | Reading config file: /project/atlas/Users/lgijsen/BND-school/TRExFitter-v1.8.0/jobSchema.config
[1;32m[ INFO    ][0;0m ConfigReader.c...:48 16-09-2026 15:24:41 | Started reading the config
[1;32m[ INFO    ][0;0m ConfigParser....:386 16-09-2026 15:24:41 | Reading config file: /project/atlas/Users/lgijsen/BND-school/combination/combLieke/mumu_ee_tautau/generated/tautau.config
[1;32m[ INFO    ][0;0m ConfigParser....:386 16-09-2026 15:24:41 | Reading config file: /project/atlas/Users/lgijsen/BND-school/TRExFitter-v1.8.0/jobSchema.config
[1;32m[ INFO    ][0;0m trex-fitter.c...:146 16-09-2026 15:24:41 | Fitting combined workspace...
[1;32m[ INFO    ][0;0m FitUtils.cc:720      16-09-2026 15:24:42 | POI: mu_comb
[1;32m[ INFO    ][0;0m FitUtils.cc:721      16-09-2026 15:24:42 |    -> Constant POI : 0
[1;32m[ INFO    ][0;0m FitUtils.cc:722      16-09-2026 15:24:42 |    -> Initial value of POI : 1
[1;32m[ INFO    ][0;0m FitUtils.cc:759      16-09-2026 15:24:42 |  ---> Setting AlphaS to -0.101983
[1;32m[ INFO    ][0;0m FitUtils.cc:759      16-09-2026 15:24:42 |  ---> Setting ElectronER to 1.45973
[1;32m[ INFO    ][0;0m FitUtils.cc:759      16-09-2026 15:24:42 |  ---> Setting ElectronES to 8.38619e-07
[1;32m[ INFO    ][0;0m FitUtils.cc:759      16-09-2026 15:24:42 |  ---> Setting ElectronID to 0.415798
[1;32m[ INFO    ][0;0m FitUtils.cc:759      16-09-2026 15:24:42 |  ---> Setting ElectronRECO to -1.55617
[1;32m[ INFO    ][0;0m FitUtils.cc:759      16-09-2026 15:24:42 |  ---> Setting FakeClosure_tautau_c0_hi to -0.0783794
[1;32m[ INFO    ][0;0m FitUtils.cc:759      16-09-2026 15:24:42 |  ---> Setting FakeClosure_tautau_c1_hi to -0.13543
[1;32m[ INFO    ][0;0m FitUtils.cc:759      16-09-2026 15:24:42 |  ---> Setting FakeClosure_tautau_c1_lo to 0.774618
[1;32m[ INFO    ][0;0m FitUtils.cc:759      16-09-2026 15:24:42 |  ---> Setting FakeClosure_tautau_c2_hi to 1.62838
[1;32m[ INFO    ][0;0m FitUtils.cc:759      16-09-2026 15:24:42 |  ---> Setting FakeClosure_tautau_c2_lo to 0.258476
[1;32m[ INFO    ][0;0m FitUtils.cc:759      16-09-2026 15:24:42 |  ---> Setting FakeMethod_mumu to 0.341407
[1;32m[ INFO    ][0;0m FitUtils.cc:759      16-09-2026 15:24:42 |  ---> Setting FakeOSSS_tautau_c0 to -0.227589
[1;32m[ INFO    ][0;0m FitUtils.cc:759      16-09-2026 15:24:42 |  ---> Setting FakeOSSS_tautau_c1 to 0.451673
[1;32m[ INFO    ][0;0m FitUtils.cc:759      16-09-2026 15:24:42 |  ---> Setting FakeOSSS_tautau_c2 to 0.339276
[1;32m[ INFO    ][0;0m FitUtils.cc:759      16-09-2026 15:24:42 |  ---> Setting FakeStat_mumu to 0.203391
[1;32m[ INFO    ][0;0m FitUtils.cc:759      16-09-2026 15:24:42 |  ---> Setting L1Prefiring to 2.63492
[1;32m[ INFO    ][0;0m FitUtils.cc:759      16-09-2026 15:24:42 |  ---> Setting Lumi to -0.452435
[1;32m[ INFO    ][0;0m FitUtils.cc:759      16-09-2026 15:24:42 |  ---> Setting MCStatNorm_WJets_tautau to -0.176072
[1;32m[ INFO    ][0;0m FitUtils.cc:759      16-09-2026 15:24:42 |  ---> Setting MET_Unclustered to -0.198983
[1;32m[ INFO    ][0;0m FitUtils.cc:759      16-09-2026 15:24:42 |  ---> Setting MuonID to 1.06178
[1;32m[ INFO    ][0;0m FitUtils.cc:759      16-09-2026 15:24:42 |  ---> Setting MuonIso to 1.14365
[1;32m[ INFO    ][0;0m FitUtils.cc:759      16-09-2026 15:24:42 |  ---> Setting MuonReco to 3.28894
[1;32m[ INFO    ][0;0m FitUtils.cc:759      16-09-2026 15:24:42 |  ---> Setting MuonRes to 0.350396
[1;32m[ INFO    ][0;0m FitUtils.cc:759      16-09-2026 15:24:42 |  ---> Setting MuonScale to -0.399643
[1;32m[ INFO    ][0;0m FitUtils.cc:759      16-09-2026 15:24:42 |  ---> Setting MuonTrigger to 0.546993
[1;32m[ INFO    ][0;0m FitUtils.cc:759      16-09-2026 15:24:42 |  ---> Setting PDF to 1.49787
[1;32m[ INFO    ][0;0m FitUtils.cc:759      16-09-2026 15:24:42 |  ---> Setting PS_FSR to -0.639291
[1;32m[ INFO    ][0;0m FitUtils.cc:759      16-09-2026 15:24:42 |  ---> Setting PS_ISR to 1.62523
[1;32m[ INFO    ][0;0m FitUtils.cc:759      16-09-2026 15:24:42 |  ---> Setting Pileup to -0.00658147
[1;32m[ INFO    ][0;0m FitUtils.cc:759      16-09-2026 15:24:42 |  ---> Setting QCDScale to -1.16295
[1;32m[ INFO    ][0;0m FitUtils.cc:759      16-09-2026 15:24:42 |  ---> Setting SigModel_mumu to 0.588326
[1;32m[ INFO    ][0;0m FitUtils.cc:759      16-09-2026 15:24:42 |  ---> Setting TauES_DM0 to -0.437977
[1;32m[ INFO    ][0;0m FitUtils.cc:759      16-09-2026 15:24:42 |  ---> Setting TauES_DM1 to -0.226066
[1;32m[ INFO    ][0;0m FitUtils.cc:759      16-09-2026 15:24:42 |  ---> Setting TauES_DM10 to -0.248966
[1;32m[ INFO    ][0;0m FitUtils.cc:759      16-09-2026 15:24:42 |  ---> Setting TauES_DM11 to 0.0584894
[1;32m[ INFO    ][0;0m FitUtils.cc:759      16-09-2026 15:24:42 |  ---> Setting TauFakeEle to -0.0269155
[1;32m[ INFO    ][0;0m FitUtils.cc:759      16-09-2026 15:24:42 |  ---> Setting TauFakeMu to 0.000991745
[1;32m[ INFO    ][0;0m FitUtils.cc:759      16-09-2026 15:24:42 |  ---> Setting TauID_DM0 to 0.645643
[1;32m[ INFO    ][0;0m FitUtils.cc:759      16-09-2026 15:24:42 |  ---> Setting TauID_DM1 to 0.620912
[1;32m[ INFO    ][0;0m FitUtils.cc:759      16-09-2026 15:24:42 |  ---> Setting TauID_DM10 to 0.101346
[1;32m[ INFO    ][0;0m FitUtils.cc:759      16-09-2026 15:24:42 |  ---> Setting TauID_DM11 to 0.25898
[1;32m[ INFO    ][0;0m FitUtils.cc:759      16-09-2026 15:24:42 |  ---> Setting TauTrigger_DM0 to 0.356642
[1;32m[ INFO    ][0;0m FitUtils.cc:759      16-09-2026 15:24:42 |  ---> Setting TauTrigger_DM1 to 0.383108
[1;32m[ INFO    ][0;0m FitUtils.cc:759      16-09-2026 15:24:42 |  ---> Setting TauTrigger_DM10 to 0.20012
[1;32m[ INFO    ][0;0m FitUtils.cc:759      16-09-2026 15:24:42 |  ---> Setting TauTrigger_DM11 to 0.118766
[1;32m[ INFO    ][0;0m FitUtils.cc:759      16-09-2026 15:24:42 |  ---> Setting XS_DYll to -0.00234446
[1;32m[ INFO    ][0;0m FitUtils.cc:759      16-09-2026 15:24:42 |  ---> Setting XS_DYlowmass to -0.00634169
[1;32m[ INFO    ][0;0m FitUtils.cc:759      16-09-2026 15:24:42 |  ---> Setting XS_DYtautau to -1.74149
[1;32m[ INFO    ][0;0m FitUtils.cc:759      16-09-2026 15:24:42 |  ---> Setting XS_DYtautau_nonfid to -0.160301
[1;32m[ INFO    ][0;0m FitUtils.cc:759      16-09-2026 15:24:42 |  ---> Setting XS_SingleTop to 0.107822
[1;32m[ INFO    ][0;0m FitUtils.cc:759      16-09-2026 15:24:42 |  ---> Setting XS_TTbar to 0.423088
[1;32m[ INFO    ][0;0m FitUtils.cc:759      16-09-2026 15:24:42 |  ---> Setting XS_VV to -0.222828
[1;32m[ INFO    ][0;0m FitUtils.cc:759      16-09-2026 15:24:42 |  ---> Setting XS_WJets to -0.945008
[1;32m[ INFO    ][0;0m FitUtils.cc:759      16-09-2026 15:24:42 |  ---> Setting XS_WW to 0.123216
[1;32m[ INFO    ][0;0m FitUtils.cc:759      16-09-2026 15:24:42 |  ---> Setting XS_WZ to 0.088248
[1;32m[ INFO    ][0;0m FitUtils.cc:759      16-09-2026 15:24:42 |  ---> Setting XS_ZZ to 0.046494
[1;32m[ INFO    ][0;0m FittingTool.c...:205 16-09-2026 15:24:42 | Manually setting strategy to 1
[1;32m[ INFO    ][0;0m FittingTool.c...:241 16-09-2026 15:24:42 | 
[1;32m[ INFO    ][0;0m FittingTool.c...:242 16-09-2026 15:24:42 | 
[1;32m[ INFO    ][0;0m FittingTool.c...:243 16-09-2026 15:24:42 | 
[1;32m[ INFO    ][0;0m FittingTool.c...:244 16-09-2026 15:24:42 | Fit try no. 1
[1;32m[ INFO    ][0;0m FittingTool.c...:245 16-09-2026 15:24:42 | ======================
[1;32m[ INFO    ][0;0m FittingTool.c...:246 16-09-2026 15:24:42 | 
Minuit2Minimizer: Minimize with max-calls 89780 convergence for edm < 0.1 strategy 1
RooAbsMinimizerFcn: Minimized function has error status.
Returning maximum FCN so far (4044.16) to force MIGRAD to back out of this region. Error log follows.
Parameter values: 	alpha_AlphaS=-0.101983	alpha_ElectronER=1.45973	alpha_ElectronES=8.38619e-07	alpha_ElectronID=0.415798	alpha_ElectronRECO=-1.55617	alpha_FakeClosure_tautau_c0_hi=-0.0783794	alpha_FakeClosure_tautau_c1_hi=-0.13543	alpha_FakeClosure_tautau_c1_lo=0.774618	alpha_FakeClosure_tautau_c2_hi=1.62838	alpha_FakeClosure_tautau_c2_lo=0.258476	alpha_FakeMethod_mumu=-3.57858	alpha_FakeOSSS_tautau_c0=-0.227589	alpha_FakeOSSS_tautau_c1=0.451673	alpha_FakeOSSS_tautau_c2=0.339276	alpha_FakeStat_mumu=0.203391	alpha_L1Prefiring=2.63492	alpha_Lumi=-0.452435	alpha_MCStatNorm_WJets_tautau=-0.176072	alpha_MET_Unclustered=-0.198983	alpha_MuonID=1.06178	alpha_MuonIso=1.14365	alpha_MuonReco=2.35963	alpha_MuonRes=0.350396	alpha_MuonScale=-0.399643	alpha_MuonTrigger=0.546993	alpha_PDF=-4.99798	alpha_PS_FSR=-0.639291	alpha_PS_ISR=-4.99965	alpha_Pileup=-0.00658147	alpha_QCDScale=-1.16295	alpha_SigModel_mumu=0.588326	alpha_TauES_DM0=-0.437977	alpha_TauES_DM1=-0.226066	alpha_TauES_DM10=-0.248966	alpha_TauES_DM11=0.0584894	alpha_TauFakeEle=-0.0269155	alpha_TauFakeMu=0.000991745	alpha_TauID_DM0=0.645643	alpha_TauID_DM1=0.620912	alpha_TauID_DM10=0.101346	alpha_TauID_DM11=0.25898	alpha_TauTrigger_DM0=0.356642	alpha_TauTrigger_DM1=0.383108	alpha_TauTrigger_DM10=0.20012	alpha_TauTrigger_DM11=0.118766	alpha_XS_DYll=-0.00234446	alpha_XS_DYlowmass=-0.00634169	alpha_XS_DYtautau=-1.74149	alpha_XS_DYtautau_nonfid=-0.160301	alpha_XS_SingleTop=0.107822	alpha_XS_TTbar=0.423088	alpha_XS_VV=-4.99874	alpha_XS_WJets=-0.945008	alpha_XS_WW=0.123216	alpha_XS_WZ=-4.97935	alpha_XS_ZZ=-4.98078	gamma_stat_ee_SR_bin_0=1	gamma_stat_ee_SR_bin_1=1	gamma_stat_ee_SR_bin_10=1	gamma_stat_ee_SR_bin_11=1	gamma_stat_ee_SR_bin_12=1	gamma_stat_ee_SR_bin_13=0.969233	gamma_stat_ee_SR_bin_14=0.912364	gamma_stat_ee_SR_bin_15=1	gamma_stat_ee_SR_bin_16=1	gamma_stat_ee_SR_bin_17=1	gamma_stat_ee_SR_bin_18=1	gamma_stat_ee_SR_bin_19=1	gamma_stat_ee_SR_bin_2=1	gamma_stat_ee_SR_bin_20=1	gamma_stat_ee_SR_bin_21=1	gamma_stat_ee_SR_bin_22=1	gamma_stat_ee_SR_bin_23=1	gamma_stat_ee_SR_bin_24=1	gamma_stat_ee_SR_bin_25=1	gamma_stat_ee_SR_bin_26=1	gamma_stat_ee_SR_bin_27=1	gamma_stat_ee_SR_bin_28=1	gamma_stat_ee_SR_bin_29=1	gamma_stat_ee_SR_bin_3=1	gamma_stat_ee_SR_bin_4=1	gamma_stat_ee_SR_bin_5=1	gamma_stat_ee_SR_bin_6=1	gamma_stat_ee_SR_bin_7=1	gamma_stat_ee_SR_bin_8=1	gamma_stat_ee_SR_bin_9=1	gamma_stat_mumu_SR_bin_0=1	gamma_stat_mumu_SR_bin_1=1	gamma_stat_mumu_SR_bin_10=1	gamma_stat_mumu_SR_bin_11=1	gamma_stat_mumu_SR_bin_2=1	gamma_stat_mumu_SR_bin_3=1	gamma_stat_mumu_SR_bin_4=1	gamma_stat_mumu_SR_bin_5=1	gamma_stat_mumu_SR_bin_6=1	gamma_stat_mumu_SR_bin_7=1	gamma_stat_mumu_SR_bin_8=1	gamma_stat_mumu_SR_bin_9=1	gamma_stat_tautau_SR0_bin_0=1	gamma_stat_tautau_SR0_bin_1=1	gamma_stat_tautau_SR0_bin_2=1	gamma_stat_tautau_SR0_bin_3=1	gamma_stat_tautau_SR0_bin_4=1	gamma_stat_tautau_SR0_bin_5=1	gamma_stat_tautau_SR0_bin_6=1	gamma_stat_tautau_SR1_bin_0=1	gamma_stat_tautau_SR1_bin_1=1	gamma_stat_tautau_SR1_bin_10=1	gamma_stat_tautau_SR1_bin_11=1	gamma_stat_tautau_SR1_bin_12=1	gamma_stat_tautau_SR1_bin_13=1	gamma_stat_tautau_SR1_bin_2=1	gamma_stat_tautau_SR1_bin_3=1	gamma_stat_tautau_SR1_bin_4=1	gamma_stat_tautau_SR1_bin_5=1	gamma_stat_tautau_SR1_bin_6=1	gamma_stat_tautau_SR1_bin_7=1	gamma_stat_tautau_SR1_bin_8=1	gamma_stat_tautau_SR1_bin_9=1	gamma_stat_tautau_SR2_bin_0=1	gamma_stat_tautau_SR2_bin_1=1	gamma_stat_tautau_SR2_bin_10=1	gamma_stat_tautau_SR2_bin_11=1	gamma_stat_tautau_SR2_bin_12=1	gamma_stat_tautau_SR2_bin_13=1	gamma_stat_tautau_SR2_bin_2=1	gamma_stat_tautau_SR2_bin_3=1	gamma_stat_tautau_SR2_bin_4=1	gamma_stat_tautau_SR2_bin_5=1	gamma_stat_tautau_SR2_bin_6=1	gamma_stat_tautau_SR2_bin_7=1	gamma_stat_tautau_SR2_bin_8=1	gamma_stat_tautau_SR2_bin_9=1	mu_comb=1

RooAbsMinimizerFcn: Minimized function has error status.
Returning maximum FCN so far (4044.16) to force MIGRAD to back out of this region. Error log follows.
Parameter values: 	alpha_AlphaS=-0.101983	alpha_ElectronER=1.45973	alpha_ElectronES=8.38619e-07	alpha_ElectronID=0.415798	alpha_ElectronRECO=-1.55617	alpha_FakeClosure_tautau_c0_hi=-0.0783794	alpha_FakeClosure_tautau_c1_hi=-0.13543	alpha_FakeClosure_tautau_c1_lo=0.774618	alpha_FakeClosure_tautau_c2_hi=1.62838	alpha_FakeClosure_tautau_c2_lo=0.258476	alpha_FakeMethod_mumu=-3.57858	alpha_FakeOSSS_tautau_c0=-0.227589	alpha_FakeOSSS_tautau_c1=0.451673	alpha_FakeOSSS_tautau_c2=0.339276	alpha_FakeStat_mumu=0.203391	alpha_L1Prefiring=2.63492	alpha_Lumi=-0.452435	alpha_MCStatNorm_WJets_tautau=-0.176072	alpha_MET_Unclustered=-0.198983	alpha_MuonID=1.06178	alpha_MuonIso=1.14365	alpha_MuonReco=2.35963	alpha_MuonRes=0.350396	alpha_MuonScale=-0.399643	alpha_MuonTrigger=0.546993	alpha_PDF=-4.99798	alpha_PS_FSR=-0.639291	alpha_PS_ISR=-4.99965	alpha_Pileup=-0.00658147	alpha_QCDScale=-1.16295	alpha_SigModel_mumu=0.588326	alpha_TauES_DM0=-0.437977	alpha_TauES_DM1=-0.226066	alpha_TauES_DM10=-0.248966	alpha_TauES_DM11=0.0584894	alpha_TauFakeEle=-0.0269155	alpha_TauFakeMu=0.000991745	alpha_TauID_DM0=0.645643	alpha_TauID_DM1=0.620912	alpha_TauID_DM10=0.101346	alpha_TauID_DM11=0.25898	alpha_TauTrigger_DM0=0.356642	alpha_TauTrigger_DM1=0.383108	alpha_TauTrigger_DM10=0.20012	alpha_TauTrigger_DM11=0.118766	alpha_XS_DYll=-0.00234446	alpha_XS_DYlowmass=-0.00634169	alpha_XS_DYtautau=-1.74149	alpha_XS_DYtautau_nonfid=-0.160301	alpha_XS_SingleTop=0.107822	alpha_XS_TTbar=0.423088	alpha_XS_VV=-4.99874	alpha_XS_WJets=-0.945008	alpha_XS_WW=0.123216	alpha_XS_WZ=-4.97935	alpha_XS_ZZ=-4.98078	gamma_stat_ee_SR_bin_0=1	gamma_stat_ee_SR_bin_1=1	gamma_stat_ee_SR_bin_10=1	gamma_stat_ee_SR_bin_11=1	gamma_stat_ee_SR_bin_12=1	gamma_stat_ee_SR_bin_13=0.969233	gamma_stat_ee_SR_bin_14=0.96471	gamma_stat_ee_SR_bin_15=0.973059	gamma_stat_ee_SR_bin_16=0.962778	gamma_stat_ee_SR_bin_17=0.944809	gamma_stat_ee_SR_bin_18=0.943782	gamma_stat_ee_SR_bin_19=1	gamma_stat_ee_SR_bin_2=1	gamma_stat_ee_SR_bin_20=1	gamma_stat_ee_SR_bin_21=1	gamma_stat_ee_SR_bin_22=1	gamma_stat_ee_SR_bin_23=1	gamma_stat_ee_SR_bin_24=1	gamma_stat_ee_SR_bin_25=1	gamma_stat_ee_SR_bin_26=1	gamma_stat_ee_SR_bin_27=1	gamma_stat_ee_SR_bin_28=1	gamma_stat_ee_SR_bin_29=1	gamma_stat_ee_SR_bin_3=1	gamma_stat_ee_SR_bin_4=1	gamma_stat_ee_SR_bin_5=1	gamma_stat_ee_SR_bin_6=1	gamma_stat_ee_SR_bin_7=1	gamma_stat_ee_SR_bin_8=1	gamma_stat_ee_SR_bin_9=1	gamma_stat_mumu_SR_bin_0=1	gamma_stat_mumu_SR_bin_1=1	gamma_stat_mumu_SR_bin_10=1	gamma_stat_mumu_SR_bin_11=1	gamma_stat_mumu_SR_bin_2=1	gamma_stat_mumu_SR_bin_3=1	gamma_stat_mumu_SR_bin_4=1	gamma_stat_mumu_SR_bin_5=0.973741	gamma_stat_mumu_SR_bin_6=0.940622	gamma_stat_mumu_SR_bin_7=1	gamma_stat_mumu_SR_bin_8=1	gamma_stat_mumu_SR_bin_9=1	gamma_stat_tautau_SR0_bin_0=1	gamma_stat_tautau_SR0_bin_1=1	gamma_stat_tautau_SR0_bin_2=1	gamma_stat_tautau_SR0_bin_3=1	gamma_stat_tautau_SR0_bin_4=1	gamma_stat_tautau_SR0_bin_5=1	gamma_stat_tautau_SR0_bin_6=1	gamma_stat_tautau_SR1_bin_0=1	gamma_stat_tautau_SR1_bin_1=1	gamma_stat_tautau_SR1_bin_10=1	gamma_stat_tautau_SR1_bin_11=1	gamma_stat_tautau_SR1_bin_12=1	gamma_stat_tautau_SR1_bin_13=1	gamma_stat_tautau_SR1_bin_2=1	gamma_stat_tautau_SR1_bin_3=1	gamma_stat_tautau_SR1_bin_4=1	gamma_stat_tautau_SR1_bin_5=1	gamma_stat_tautau_SR1_bin_6=1	gamma_stat_tautau_SR1_bin_7=1	gamma_stat_tautau_SR1_bin_8=1	gamma_stat_tautau_SR1_bin_9=1	gamma_stat_tautau_SR2_bin_0=1	gamma_stat_tautau_SR2_bin_1=1	gamma_stat_tautau_SR2_bin_10=1	gamma_stat_tautau_SR2_bin_11=1	gamma_stat_tautau_SR2_bin_12=1	gamma_stat_tautau_SR2_bin_13=1	gamma_stat_tautau_SR2_bin_2=1	gamma_stat_tautau_SR2_bin_3=1	gamma_stat_tautau_SR2_bin_4=1	gamma_stat_tautau_SR2_bin_5=1	gamma_stat_tautau_SR2_bin_6=1	gamma_stat_tautau_SR2_bin_7=1	gamma_stat_tautau_SR2_bin_8=1	gamma_stat_tautau_SR2_bin_9=1	mu_comb=1

RooAbsMinimizerFcn: Minimized function has error status.
Returning maximum FCN so far (4044.16) to force MIGRAD to back out of this region. Error log follows.
Parameter values: 	alpha_AlphaS=-0.101983	alpha_ElectronER=1.45973	alpha_ElectronES=8.38619e-07	alpha_ElectronID=0.415798	alpha_ElectronRECO=-1.55617	alpha_FakeClosure_tautau_c0_hi=-0.0783794	alpha_FakeClosure_tautau_c1_hi=-0.13543	alpha_FakeClosure_tautau_c1_lo=0.774618	alpha_FakeClosure_tautau_c2_hi=1.62838	alpha_FakeClosure_tautau_c2_lo=0.258476	alpha_FakeMethod_mumu=-3.57858	alpha_FakeOSSS_tautau_c0=-0.227589	alpha_FakeOSSS_tautau_c1=0.451673	alpha_FakeOSSS_tautau_c2=0.339276	alpha_FakeStat_mumu=0.203391	alpha_L1Prefiring=2.63492	alpha_Lumi=-0.452435	alpha_MCStatNorm_WJets_tautau=-0.176072	alpha_MET_Unclustered=-0.198983	alpha_MuonID=1.06178	alpha_MuonIso=1.14365	alpha_MuonReco=2.35963	alpha_MuonRes=0.350396	alpha_MuonScale=-0.399643	alpha_MuonTrigger=0.546993	alpha_PDF=-4.99798	alpha_PS_FSR=-0.639291	alpha_PS_ISR=-4.99965	alpha_Pileup=-0.00658147	alpha_QCDScale=-1.16295	alpha_SigModel_mumu=0.588326	alpha_TauES_DM0=-0.437977	alpha_TauES_DM1=-0.226066	alpha_TauES_DM10=-0.248966	alpha_TauES_DM11=0.0584894	alpha_TauFakeEle=-0.0269155	alpha_TauFakeMu=0.000991745	alpha_TauID_DM0=0.645643	alpha_TauID_DM1=0.620912	alpha_TauID_DM10=0.101346	alpha_TauID_DM11=0.25898	alpha_TauTrigger_DM0=0.356642	alpha_TauTrigger_DM1=0.383108	alpha_TauTrigger_DM10=0.20012	alpha_TauTrigger_DM11=0.118766	alpha_XS_DYll=-0.00234446	alpha_XS_DYlowmass=-0.00634169	alpha_XS_DYtautau=-1.74149	alpha_XS_DYtautau_nonfid=-0.160301	alpha_XS_SingleTop=0.107822	alpha_XS_TTbar=0.423088	alpha_XS_VV=-4.99874	alpha_XS_WJets=-0.945008	alpha_XS_WW=0.123216	alpha_XS_WZ=-4.97935	alpha_XS_ZZ=-4.98078	gamma_stat_ee_SR_bin_0=1	gamma_stat_ee_SR_bin_1=1	gamma_stat_ee_SR_bin_10=1	gamma_stat_ee_SR_bin_11=1	gamma_stat_ee_SR_bin_12=1	gamma_stat_ee_SR_bin_13=0.969233	gamma_stat_ee_SR_bin_14=0.96471	gamma_stat_ee_SR_bin_15=0.973059	gamma_stat_ee_SR_bin_16=0.962778	gamma_stat_ee_SR_bin_17=0.944809	gamma_stat_ee_SR_bin_18=0.943782	gamma_stat_ee_SR_bin_19=1	gamma_stat_ee_SR_bin_2=1	gamma_stat_ee_SR_bin_20=1	gamma_stat_ee_SR_bin_21=1	gamma_stat_ee_SR_bin_22=1	gamma_stat_ee_SR_bin_23=1	gamma_stat_ee_SR_bin_24=1	gamma_stat_ee_SR_bin_25=1	gamma_stat_ee_SR_bin_26=1	gamma_stat_ee_SR_bin_27=1	gamma_stat_ee_SR_bin_28=1	gamma_stat_ee_SR_bin_29=1	gamma_stat_ee_SR_bin_3=1	gamma_stat_ee_SR_bin_4=1	gamma_stat_ee_SR_bin_5=1	gamma_stat_ee_SR_bin_6=1	gamma_stat_ee_SR_bin_7=1	gamma_stat_ee_SR_bin_8=1	gamma_stat_ee_SR_bin_9=1	gamma_stat_mumu_SR_bin_0=1	gamma_stat_mumu_SR_bin_1=1	gamma_stat_mumu_SR_bin_10=1	gamma_stat_mumu_SR_bin_11=1	gamma_stat_mumu_SR_bin_2=1	gamma_stat_mumu_SR_bin_3=1	gamma_stat_mumu_SR_bin_4=1	gamma_stat_mumu_SR_bin_5=0.973741	gamma_stat_mumu_SR_bin_6=0.965423	gamma_stat_mumu_SR_bin_7=1	gamma_stat_mumu_SR_bin_8=1	gamma_stat_mumu_SR_bin_9=1	gamma_stat_tautau_SR0_bin_0=1	gamma_stat_tautau_SR0_bin_1=1	gamma_stat_tautau_SR0_bin_2=1	gamma_stat_tautau_SR0_bin_3=1	gamma_stat_tautau_SR0_bin_4=1	gamma_stat_tautau_SR0_bin_5=1	gamma_stat_tautau_SR0_bin_6=1	gamma_stat_tautau_SR1_bin_0=1	gamma_stat_tautau_SR1_bin_1=1	gamma_stat_tautau_SR1_bin_10=1	gamma_stat_tautau_SR1_bin_11=1	gamma_stat_tautau_SR1_bin_12=1	gamma_stat_tautau_SR1_bin_13=1	gamma_stat_tautau_SR1_bin_2=1	gamma_stat_tautau_SR1_bin_3=1	gamma_stat_tautau_SR1_bin_4=1	gamma_stat_tautau_SR1_bin_5=1	gamma_stat_tautau_SR1_bin_6=1	gamma_stat_tautau_SR1_bin_7=1	gamma_stat_tautau_SR1_bin_8=1	gamma_stat_tautau_SR1_bin_9=1	gamma_stat_tautau_SR2_bin_0=1	gamma_stat_tautau_SR2_bin_1=1	gamma_stat_tautau_SR2_bin_10=1	gamma_stat_tautau_SR2_bin_11=1	gamma_stat_tautau_SR2_bin_12=1	gamma_stat_tautau_SR2_bin_13=1	gamma_stat_tautau_SR2_bin_2=1	gamma_stat_tautau_SR2_bin_3=1	gamma_stat_tautau_SR2_bin_4=1	gamma_stat_tautau_SR2_bin_5=1	gamma_stat_tautau_SR2_bin_6=1	gamma_stat_tautau_SR2_bin_7=1	gamma_stat_tautau_SR2_bin_8=1	gamma_stat_tautau_SR2_bin_9=1	mu_comb=1

RooAbsMinimizerFcn: Minimized function has error status.
Returning maximum FCN so far (4044.16) to force MIGRAD to back out of this region. Error log follows.
Parameter values: 	alpha_AlphaS=4.92948	alpha_ElectronER=4.67583	alpha_ElectronES=1.72585e-08	alpha_ElectronID=0.0946047	alpha_ElectronRECO=-3.58882	alpha_FakeClosure_tautau_c0_hi=0.555367	alpha_FakeClosure_tautau_c1_hi=0.582981	alpha_FakeClosure_tautau_c1_lo=0.608061	alpha_FakeClosure_tautau_c2_hi=2.48049	alpha_FakeClosure_tautau_c2_lo=1.4882	alpha_FakeMethod_mumu=-3.02546	alpha_FakeOSSS_tautau_c0=0.149275	alpha_FakeOSSS_tautau_c1=1.25586	alpha_FakeOSSS_tautau_c2=1.33219	alpha_FakeStat_mumu=-1.22409	alpha_L1Prefiring=3.97842	alpha_Lumi=-1.30915	alpha_MCStatNorm_WJets_tautau=0.233724	alpha_MET_Unclustered=-0.580663	alpha_MuonID=-2.61849	alpha_MuonIso=-0.931465	alpha_MuonReco=1.3511	alpha_MuonRes=0.109352	alpha_MuonScale=-0.578744	alpha_MuonTrigger=-3.07818	alpha_PDF=-5	alpha_PS_FSR=-3.01877	alpha_PS_ISR=-5	alpha_Pileup=1.98165	alpha_QCDScale=-3.87899	alpha_SigModel_mumu=0.553069	alpha_TauES_DM0=0.140195	alpha_TauES_DM1=0.49426	alpha_TauES_DM10=0.0828123	alpha_TauES_DM11=0.240447	alpha_TauFakeEle=0.28542	alpha_TauFakeMu=0.00133663	alpha_TauID_DM0=1.31537	alpha_TauID_DM1=1.39237	alpha_TauID_DM10=0.699045	alpha_TauID_DM11=1.25191	alpha_TauTrigger_DM0=1.70455	alpha_TauTrigger_DM1=1.49391	alpha_TauTrigger_DM10=1.34024	alpha_TauTrigger_DM11=0.848255	alpha_XS_DYll=0.115061	alpha_XS_DYlowmass=-9.33008e-05	alpha_XS_DYtautau=-4.74436	alpha_XS_DYtautau_nonfid=0.9292	alpha_XS_SingleTop=-1.38448	alpha_XS_TTbar=-4.30499	alpha_XS_VV=-5	alpha_XS_WJets=-3.72979	alpha_XS_WW=-2.30733	alpha_XS_WZ=-4.01896	alpha_XS_ZZ=-3.36924	gamma_stat_ee_SR_bin_0=0.860574	gamma_stat_ee_SR_bin_1=0.936832	gamma_stat_ee_SR_bin_10=0.948835	gamma_stat_ee_SR_bin_11=0.96766	gamma_stat_ee_SR_bin_12=0.443664	gamma_stat_ee_SR_bin_13=0.967694	gamma_stat_ee_SR_bin_14=0.962886	gamma_stat_ee_SR_bin_15=0.973115	gamma_stat_ee_SR_bin_16=0.963262	gamma_stat_ee_SR_bin_17=0.944927	gamma_stat_ee_SR_bin_18=0.946571	gamma_stat_ee_SR_bin_19=0.878074	gamma_stat_ee_SR_bin_2=0.69312	gamma_stat_ee_SR_bin_20=0.894085	gamma_stat_ee_SR_bin_21=0.973528	gamma_stat_ee_SR_bin_22=0.95623	gamma_stat_ee_SR_bin_23=1.00212	gamma_stat_ee_SR_bin_24=0.977809	gamma_stat_ee_SR_bin_25=0.970104	gamma_stat_ee_SR_bin_26=0.996529	gamma_stat_ee_SR_bin_27=1.01424	gamma_stat_ee_SR_bin_28=0.98353	gamma_stat_ee_SR_bin_29=0.988236	gamma_stat_ee_SR_bin_3=0.786345	gamma_stat_ee_SR_bin_4=0.87038	gamma_stat_ee_SR_bin_5=0.86281	gamma_stat_ee_SR_bin_6=0.915768	gamma_stat_ee_SR_bin_7=0.948246	gamma_stat_ee_SR_bin_8=0.843784	gamma_stat_ee_SR_bin_9=0.902791	gamma_stat_mumu_SR_bin_0=1.01032	gamma_stat_mumu_SR_bin_1=0.981239	gamma_stat_mumu_SR_bin_10=1.01546	gamma_stat_mumu_SR_bin_11=1.01692	gamma_stat_mumu_SR_bin_2=0.976525	gamma_stat_mumu_SR_bin_3=0.884345	gamma_stat_mumu_SR_bin_4=0.781594	gamma_stat_mumu_SR_bin_5=0.978213	gamma_stat_mumu_SR_bin_6=0.979674	gamma_stat_mumu_SR_bin_7=0.865709	gamma_stat_mumu_SR_bin_8=0.982918	gamma_stat_mumu_SR_bin_9=1.0063	gamma_stat_tautau_SR0_bin_0=0.977348	gamma_stat_tautau_SR0_bin_1=1.00072	gamma_stat_tautau_SR0_bin_2=1.00591	gamma_stat_tautau_SR0_bin_3=1.0064	gamma_stat_tautau_SR0_bin_4=0.999972	gamma_stat_tautau_SR0_bin_5=1.00558	gamma_stat_tautau_SR0_bin_6=0.994978	gamma_stat_tautau_SR1_bin_0=0.816932	gamma_stat_tautau_SR1_bin_1=1.00988	gamma_stat_tautau_SR1_bin_10=1.09383	gamma_stat_tautau_SR1_bin_11=0.573828	gamma_stat_tautau_SR1_bin_12=0.94758	gamma_stat_tautau_SR1_bin_13=1.11436	gamma_stat_tautau_SR1_bin_2=1.04916	gamma_stat_tautau_SR1_bin_3=1.032	gamma_stat_tautau_SR1_bin_4=1.05202	gamma_stat_tautau_SR1_bin_5=0.978578	gamma_stat_tautau_SR1_bin_6=0.955905	gamma_stat_tautau_SR1_bin_7=1.0211	gamma_stat_tautau_SR1_bin_8=1.05471	gamma_stat_tautau_SR1_bin_9=1.0336	gamma_stat_tautau_SR2_bin_0=8.68123e-08	gamma_stat_tautau_SR2_bin_1=1.07306	gamma_stat_tautau_SR2_bin_10=1.29342	gamma_stat_tautau_SR2_bin_11=0.994708	gamma_stat_tautau_SR2_bin_12=0.422636	gamma_stat_tautau_SR2_bin_13=1.10072	gamma_stat_tautau_SR2_bin_2=1.03259	gamma_stat_tautau_SR2_bin_3=1.06167	gamma_stat_tautau_SR2_bin_4=1.01331	gamma_stat_tautau_SR2_bin_5=0.965328	gamma_stat_tautau_SR2_bin_6=1.01505	gamma_stat_tautau_SR2_bin_7=1.14467	gamma_stat_tautau_SR2_bin_8=1.19976	gamma_stat_tautau_SR2_bin_9=0.734446	mu_comb=0.989302

Warning in <Minuit2>: MnPosDef Matrix forced pos-def by adding to diagonal 0.0435785
Warning in <Minuit2>: MnPosDef Matrix forced pos-def by adding to diagonal 0.0408643
Warning in <Minuit2>: VariableMetricBuilder Reached machine accuracy limit; Edm 0.000938349 is smaller than machine limit 0.00106713 while 0.0001 was requested
Warning in <Minuit2>: Minuit2Minimizer::Minimize Covar was made pos def
Minuit2Minimizer : Valid minimum - status = 1
FVAL  = -17903.403015194348
Edm   = 0.000938348792974143145
Nfcn  = 62115
alpha_AlphaS	  = -0.102363	 +/-  0.965762	(limited)
alpha_ElectronER	  = 1.45835	 +/-  0.926569	(limited)
alpha_ElectronES	  = -8.00255e-08	 +/-  0.973951	(limited)
alpha_ElectronID	  = 0.414574	 +/-  0.0284901	(limited)
alpha_ElectronRECO	  = -1.5565	 +/-  0.296897	(limited)
alpha_FakeClosure_tautau_c0_hi	  = -0.0775712	 +/-  0.902194	(limited)
alpha_FakeClosure_tautau_c1_hi	  = -0.135353	 +/-  0.463808	(limited)
alpha_FakeClosure_tautau_c1_lo	  = 0.773725	 +/-  0.798001	(limited)
alpha_FakeClosure_tautau_c2_hi	  = 1.63226	 +/-  0.784779	(limited)
alpha_FakeClosure_tautau_c2_lo	  = 0.257358	 +/-  0.961025	(limited)
alpha_FakeMethod_mumu	  = 0.343478	 +/-  0.926109	(limited)
alpha_FakeOSSS_tautau_c0	  = -0.224406	 +/-  0.539447	(limited)
alpha_FakeOSSS_tautau_c1	  = 0.452052	 +/-  0.890129	(limited)
alpha_FakeOSSS_tautau_c2	  = 0.339367	 +/-  0.957337	(limited)
alpha_FakeStat_mumu	  = 0.204557	 +/-  0.950191	(limited)
alpha_L1Prefiring	  = 2.65584	 +/-  0.210206	(limited)
alpha_Lumi	  = -0.478101	 +/-  0.0929192	(limited)
alpha_MCStatNorm_WJets_tautau	  = -0.177756	 +/-  0.497458	(limited)
alpha_MET_Unclustered	  = -0.199707	 +/-  0.868709	(limited)
alpha_MuonID	  = 1.0599	 +/-  0.547279	(limited)
alpha_MuonIso	  = 1.14535	 +/-  0.333179	(limited)
alpha_MuonReco	  = 3.27845	 +/-  0.17097	(limited)
alpha_MuonRes	  = 0.350274	 +/-  0.0803146	(limited)
alpha_MuonScale	  = -0.39965	 +/-  0.0652139	(limited)
alpha_MuonTrigger	  = 0.546873	 +/-  0.564188	(limited)
alpha_PDF	  = 1.5009	 +/-  0.942522	(limited)
alpha_PS_FSR	  = -0.639452	 +/-  0.271955	(limited)
alpha_PS_ISR	  = 1.62049	 +/-  1.2889	(limited)
alpha_Pileup	  = -0.00125575	 +/-  0.265527	(limited)
alpha_QCDScale	  = -1.15879	 +/-  0.295699	(limited)
alpha_SigModel_mumu	  = 0.588683	 +/-  0.0540193	(limited)
alpha_TauES_DM0	  = -0.438296	 +/-  0.909179	(limited)
alpha_TauES_DM1	  = -0.225215	 +/-  0.877666	(limited)
alpha_TauES_DM10	  = -0.24947	 +/-  0.967473	(limited)
alpha_TauES_DM11	  = 0.0576973	 +/-  0.971704	(limited)
alpha_TauFakeEle	  = -0.0269246	 +/-  0.97713	(limited)
alpha_TauFakeMu	  = 0.0010048	 +/-  0.973961	(limited)
alpha_TauID_DM0	  = 0.645161	 +/-  0.667201	(limited)
alpha_TauID_DM1	  = 0.616272	 +/-  0.83183	(limited)
alpha_TauID_DM10	  = 0.107318	 +/-  0.684241	(limited)
alpha_TauID_DM11	  = 0.260318	 +/-  0.974128	(limited)
alpha_TauTrigger_DM0	  = 0.355976	 +/-  1.10634	(limited)
alpha_TauTrigger_DM1	  = 0.377813	 +/-  0.952013	(limited)
alpha_TauTrigger_DM10	  = 0.199535	 +/-  1.07603	(limited)
alpha_TauTrigger_DM11	  = 0.117868	 +/-  0.971916	(limited)
alpha_XS_DYll	  = -0.00252368	 +/-  0.973564	(limited)
alpha_XS_DYlowmass	  = -0.00655768	 +/-  0.974164	(limited)
alpha_XS_DYtautau	  = -1.739	 +/-  0.886898	(limited)
alpha_XS_DYtautau_nonfid	  = -0.160546	 +/-  0.917802	(limited)
alpha_XS_SingleTop	  = 0.108819	 +/-  0.966235	(limited)
alpha_XS_TTbar	  = 0.425581	 +/-  0.838116	(limited)
alpha_XS_VV	  = -0.230137	 +/-  0.971751	(limited)
alpha_XS_WJets	  = -0.944143	 +/-  0.905078	(limited)
alpha_XS_WW	  = 0.123826	 +/-  0.963991	(limited)
alpha_XS_WZ	  = 0.0880056	 +/-  0.96817	(limited)
alpha_XS_ZZ	  = 0.0465259	 +/-  0.970848	(limited)
gamma_stat_ee_SR_bin_0	  = 0.966121	 +/-  0.00753871	(limited)
gamma_stat_ee_SR_bin_1	  = 0.989268	 +/-  0.00792233	(limited)
gamma_stat_ee_SR_bin_10	  = 1.01151	 +/-  0.00282966	(limited)
gamma_stat_ee_SR_bin_11	  = 1.01855	 +/-  0.00232819	(limited)
gamma_stat_ee_SR_bin_12	  = 1.00824	 +/-  0.00169852	(limited)
gamma_stat_ee_SR_bin_13	  = 1.00148	 +/-  0.00120171	(limited)
gamma_stat_ee_SR_bin_14	  = 0.996628	 +/-  0.000930925	(limited)
gamma_stat_ee_SR_bin_15	  = 1.00702	 +/-  0.00965171	(limited)
gamma_stat_ee_SR_bin_16	  = 0.996976	 +/-  0.0010174	(limited)
gamma_stat_ee_SR_bin_17	  = 0.977864	 +/-  0.00147217	(limited)
gamma_stat_ee_SR_bin_18	  = 0.979367	 +/-  0.00217567	(limited)
gamma_stat_ee_SR_bin_19	  = 0.99991	 +/-  0.00297569	(limited)
gamma_stat_ee_SR_bin_2	  = 0.946931	 +/-  0.00657088	(limited)
gamma_stat_ee_SR_bin_20	  = 0.995713	 +/-  0.0037505	(limited)
gamma_stat_ee_SR_bin_21	  = 1.01366	 +/-  0.00454716	(limited)
gamma_stat_ee_SR_bin_22	  = 1.00406	 +/-  0.00525039	(limited)
gamma_stat_ee_SR_bin_23	  = 1.03402	 +/-  0.00641849	(limited)
gamma_stat_ee_SR_bin_24	  = 1.01279	 +/-  0.00652598	(limited)
gamma_stat_ee_SR_bin_25	  = 1.00676	 +/-  0.00728837	(limited)
gamma_stat_ee_SR_bin_26	  = 1.02641	 +/-  0.0084321	(limited)
gamma_stat_ee_SR_bin_27	  = 1.04544	 +/-  0.00986636	(limited)
gamma_stat_ee_SR_bin_28	  = 1.01309	 +/-  0.00954209	(limited)
gamma_stat_ee_SR_bin_29	  = 1.01712	 +/-  0.0100982	(limited)
gamma_stat_ee_SR_bin_3	  = 0.964929	 +/-  0.00610726	(limited)
gamma_stat_ee_SR_bin_4	  = 0.977383	 +/-  0.00621	(limited)
gamma_stat_ee_SR_bin_5	  = 0.979526	 +/-  0.00529427	(limited)
gamma_stat_ee_SR_bin_6	  = 0.992593	 +/-  0.00488748	(limited)
gamma_stat_ee_SR_bin_7	  = 1.00399	 +/-  0.00433431	(limited)
gamma_stat_ee_SR_bin_8	  = 0.989662	 +/-  0.00378671	(limited)
gamma_stat_ee_SR_bin_9	  = 1.0008	 +/-  0.0032909	(limited)
gamma_stat_mumu_SR_bin_0	  = 1.00735	 +/-  0.00429233	(limited)
gamma_stat_mumu_SR_bin_1	  = 0.995906	 +/-  0.00350289	(limited)
gamma_stat_mumu_SR_bin_10	  = 1.00928	 +/-  0.0043643	(limited)
gamma_stat_mumu_SR_bin_11	  = 1.00928	 +/-  0.0054473	(limited)
gamma_stat_mumu_SR_bin_2	  = 0.997661	 +/-  0.00283229	(limited)
gamma_stat_mumu_SR_bin_3	  = 0.995569	 +/-  0.00207466	(limited)
gamma_stat_mumu_SR_bin_4	  = 1.00068	 +/-  0.00149327	(limited)
gamma_stat_mumu_SR_bin_5	  = 1.00023	 +/-  0.000908266	(limited)
gamma_stat_mumu_SR_bin_6	  = 1.00008	 +/-  0.000725531	(limited)
gamma_stat_mumu_SR_bin_7	  = 1	 +/-  0.00189254	(limited)
gamma_stat_mumu_SR_bin_8	  = 0.99836	 +/-  0.00236784	(limited)
gamma_stat_mumu_SR_bin_9	  = 1.0063	 +/-  0.00338574	(limited)
gamma_stat_tautau_SR0_bin_0	  = 0.985993	 +/-  0.0190094	(limited)
gamma_stat_tautau_SR0_bin_1	  = 0.997966	 +/-  0.0140066	(limited)
gamma_stat_tautau_SR0_bin_2	  = 1.00474	 +/-  0.00883136	(limited)
gamma_stat_tautau_SR0_bin_3	  = 1.00551	 +/-  0.00890928	(limited)
gamma_stat_tautau_SR0_bin_4	  = 0.997065	 +/-  0.010672	(limited)
gamma_stat_tautau_SR0_bin_5	  = 1.00207	 +/-  0.0100425	(limited)
gamma_stat_tautau_SR0_bin_6	  = 0.990165	 +/-  0.00963308	(limited)
gamma_stat_tautau_SR1_bin_0	  = 0.833545	 +/-  0.390366	(limited)
gamma_stat_tautau_SR1_bin_1	  = 0.981007	 +/-  0.0796539	(limited)
gamma_stat_tautau_SR1_bin_10	  = 1.07427	 +/-  0.189238	(limited)
gamma_stat_tautau_SR1_bin_11	  = 0.676493	 +/-  0.3902	(limited)
gamma_stat_tautau_SR1_bin_12	  = 0.776597	 +/-  0.38337	(limited)
gamma_stat_tautau_SR1_bin_13	  = 1.12537	 +/-  0.288299	(limited)
gamma_stat_tautau_SR1_bin_2	  = 1.04259	 +/-  0.052707	(limited)
gamma_stat_tautau_SR1_bin_3	  = 1.04292	 +/-  0.0488875	(limited)
gamma_stat_tautau_SR1_bin_4	  = 1.05232	 +/-  0.0410774	(limited)
gamma_stat_tautau_SR1_bin_5	  = 1.00634	 +/-  0.0336047	(limited)
gamma_stat_tautau_SR1_bin_6	  = 0.97991	 +/-  0.0282157	(limited)
gamma_stat_tautau_SR1_bin_7	  = 0.992066	 +/-  0.0266176	(limited)
gamma_stat_tautau_SR1_bin_8	  = 1.01438	 +/-  0.0451232	(limited)
gamma_stat_tautau_SR1_bin_9	  = 1.00483	 +/-  0.0639744	(limited)
gamma_stat_tautau_SR2_bin_0	  = 3.72652e-09	 +/-  46497.8	(limited)
gamma_stat_tautau_SR2_bin_1	  = 0.994468	 +/-  0.116407	(limited)
gamma_stat_tautau_SR2_bin_10	  = 1.32101	 +/-  0.323657	(limited)
gamma_stat_tautau_SR2_bin_11	  = 0.855207	 +/-  0.248602	(limited)
gamma_stat_tautau_SR2_bin_12	  = 0.501951	 +/-  0.876516	(limited)
gamma_stat_tautau_SR2_bin_13	  = 1.04997	 +/-  0.367369	(limited)
gamma_stat_tautau_SR2_bin_2	  = 1.02136	 +/-  0.0542676	(limited)
gamma_stat_tautau_SR2_bin_3	  = 1.03014	 +/-  0.0324346	(limited)
gamma_stat_tautau_SR2_bin_4	  = 0.990644	 +/-  0.0249573	(limited)
gamma_stat_tautau_SR2_bin_5	  = 0.975146	 +/-  0.0282831	(limited)
gamma_stat_tautau_SR2_bin_6	  = 0.993994	 +/-  0.0420866	(limited)
gamma_stat_tautau_SR2_bin_7	  = 1.17555	 +/-  0.0915437	(limited)
gamma_stat_tautau_SR2_bin_8	  = 1.2472	 +/-  0.159435	(limited)
gamma_stat_tautau_SR2_bin_9	  = 0.747171	 +/-  0.132961	(limited)
mu_comb	  = 0.955372	 +/-  0.0010805	(limited)
[0;33m[ WARNING ][0;0m FittingTool.c...:268 16-09-2026 15:24:44 | 
[0;33m[ WARNING ][0;0m FittingTool.c...:269 16-09-2026 15:24:44 |    *******************************
[0;33m[ WARNING ][0;0m FittingTool.c...:270 16-09-2026 15:24:44 |    * Increasing Minuit strategy (was 1)
[0;33m[ WARNING ][0;0m FittingTool.c...:272 16-09-2026 15:24:44 |    * Fit failed with : 
[0;33m[ WARNING ][0;0m FittingTool.c...:273 16-09-2026 15:24:44 |       - minuit status 1
[0;33m[ WARNING ][0;0m FittingTool.c...:274 16-09-2026 15:24:44 |       - hess status 0
[0;33m[ WARNING ][0;0m FittingTool.c...:275 16-09-2026 15:24:44 |       - Edm = 0.00431817
[0;33m[ WARNING ][0;0m FittingTool.c...:276 16-09-2026 15:24:44 |    * Retrying with strategy 2
[0;33m[ WARNING ][0;0m FittingTool.c...:277 16-09-2026 15:24:44 |    ********************************
[0;33m[ WARNING ][0;0m FittingTool.c...:278 16-09-2026 15:24:44 | 
Minuit2Minimizer: Minimize with max-calls 89780 convergence for edm < 0.1 strategy 2
Warning in <Minuit2>: MnPosDef Matrix forced pos-def by adding to diagonal 0.0190565
Warning in <Minuit2>: MnPosDef Matrix forced pos-def by adding to diagonal 0.0152227
Warning in <Minuit2>: MnPosDef Matrix forced pos-def by adding to diagonal 0.0350689
Warning in <Minuit2>: VariableMetricBuilder Reached machine accuracy limit; Edm 0.000274164 is smaller than machine limit 0.00106713 while 0.0001 was requested
Warning in <Minuit2>: Minuit2Minimizer::Minimize Covar was made pos def
Minuit2Minimizer : Valid minimum - status = 1
FVAL  = -17903.404407086342
Edm   = 0.000274164022042348659
Nfcn  = 42525
alpha_AlphaS	  = -0.102896	 +/-  0.967269	(limited)
alpha_ElectronER	  = 1.45942	 +/-  0.947469	(limited)
alpha_ElectronES	  = 1.41321e-07	 +/-  0.976638	(limited)
alpha_ElectronID	  = 0.415682	 +/-  0.0270664	(limited)
alpha_ElectronRECO	  = -1.556	 +/-  0.29426	(limited)
alpha_FakeClosure_tautau_c0_hi	  = -0.0785833	 +/-  0.908467	(limited)
alpha_FakeClosure_tautau_c1_hi	  = -0.134662	 +/-  0.491094	(limited)
alpha_FakeClosure_tautau_c1_lo	  = 0.775055	 +/-  0.795226	(limited)
alpha_FakeClosure_tautau_c2_hi	  = 1.63217	 +/-  0.794648	(limited)
alpha_FakeClosure_tautau_c2_lo	  = 0.258217	 +/-  1.02797	(limited)
alpha_FakeMethod_mumu	  = 0.342258	 +/-  0.936016	(limited)
alpha_FakeOSSS_tautau_c0	  = -0.227424	 +/-  0.54547	(limited)
alpha_FakeOSSS_tautau_c1	  = 0.45289	 +/-  0.896344	(limited)
alpha_FakeOSSS_tautau_c2	  = 0.33963	 +/-  0.978347	(limited)
alpha_FakeStat_mumu	  = 0.203828	 +/-  0.955867	(limited)
alpha_L1Prefiring	  = 2.62995	 +/-  0.217876	(limited)
alpha_Lumi	  = -0.44755	 +/-  0.0978002	(limited)
alpha_MCStatNorm_WJets_tautau	  = -0.176554	 +/-  0.498994	(limited)
alpha_MET_Unclustered	  = -0.199089	 +/-  0.874253	(limited)
alpha_MuonID	  = 1.06132	 +/-  0.574566	(limited)
alpha_MuonIso	  = 1.14702	 +/-  0.357305	(limited)
alpha_MuonReco	  = 3.28704	 +/-  0.180218	(limited)
alpha_MuonRes	  = 0.350452	 +/-  0.0777885	(limited)
alpha_MuonScale	  = -0.399695	 +/-  0.0673416	(limited)
alpha_MuonTrigger	  = 0.547353	 +/-  0.593374	(limited)
alpha_PDF	  = 1.49926	 +/-  0.856326	(limited)
alpha_PS_FSR	  = -0.640178	 +/-  0.281901	(limited)
alpha_PS_ISR	  = 1.62144	 +/-  0.658667	(limited)
alpha_Pileup	  = -0.00727906	 +/-  0.260862	(limited)
alpha_QCDScale	  = -1.16379	 +/-  0.243718	(limited)
alpha_SigModel_mumu	  = 0.588721	 +/-  0.0515351	(limited)
alpha_TauES_DM0	  = -0.437786	 +/-  0.924734	(limited)
alpha_TauES_DM1	  = -0.224204	 +/-  0.883428	(limited)
alpha_TauES_DM10	  = -0.249365	 +/-  0.971509	(limited)
alpha_TauES_DM11	  = 0.0579779	 +/-  0.974576	(limited)
alpha_TauFakeEle	  = -0.0266551	 +/-  0.975576	(limited)
alpha_TauFakeMu	  = 0.00100791	 +/-  0.976649	(limited)
alpha_TauID_DM0	  = 0.647483	 +/-  0.835602	(limited)
alpha_TauID_DM1	  = 0.618126	 +/-  1.23711	(limited)
alpha_TauID_DM10	  = 0.10296	 +/-  0.484592	(limited)
alpha_TauID_DM11	  = 0.261952	 +/-  0.917868	(limited)
alpha_TauTrigger_DM0	  = 0.357811	 +/-  0.937644	(limited)
alpha_TauTrigger_DM1	  = 0.37925	 +/-  0.988069	(limited)
alpha_TauTrigger_DM10	  = 0.197888	 +/-  0.925245	(limited)
alpha_TauTrigger_DM11	  = 0.118505	 +/-  0.965106	(limited)
alpha_XS_DYll	  = -0.00254065	 +/-  0.976253	(limited)
alpha_XS_DYlowmass	  = -0.00657522	 +/-  0.976854	(limited)
alpha_XS_DYtautau	  = -1.74007	 +/-  0.869694	(limited)
alpha_XS_DYtautau_nonfid	  = -0.161565	 +/-  0.935434	(limited)
alpha_XS_SingleTop	  = 0.108472	 +/-  0.970413	(limited)
alpha_XS_TTbar	  = 0.42429	 +/-  0.931174	(limited)
alpha_XS_VV	  = -0.230076	 +/-  0.968812	(limited)
alpha_XS_WJets	  = -0.944151	 +/-  0.907706	(limited)
alpha_XS_WW	  = 0.123354	 +/-  0.968134	(limited)
alpha_XS_WZ	  = 0.0882241	 +/-  0.971649	(limited)
alpha_XS_ZZ	  = 0.046656	 +/-  0.973886	(limited)
gamma_stat_ee_SR_bin_0	  = 0.966134	 +/-  0.00732642	(limited)
gamma_stat_ee_SR_bin_1	  = 0.989331	 +/-  0.00803733	(limited)
gamma_stat_ee_SR_bin_10	  = 1.01149	 +/-  0.00280178	(limited)
gamma_stat_ee_SR_bin_11	  = 1.01854	 +/-  0.00237629	(limited)
gamma_stat_ee_SR_bin_12	  = 1.00823	 +/-  0.00168847	(limited)
gamma_stat_ee_SR_bin_13	  = 1.00147	 +/-  0.00123559	(limited)
gamma_stat_ee_SR_bin_14	  = 0.996627	 +/-  0.000928839	(limited)
gamma_stat_ee_SR_bin_15	  = 1.00702	 +/-  0.0104341	(limited)
gamma_stat_ee_SR_bin_16	  = 0.996973	 +/-  0.000998501	(limited)
gamma_stat_ee_SR_bin_17	  = 0.977859	 +/-  0.00153565	(limited)
gamma_stat_ee_SR_bin_18	  = 0.97936	 +/-  0.00217692	(limited)
gamma_stat_ee_SR_bin_19	  = 0.999909	 +/-  0.00302951	(limited)
gamma_stat_ee_SR_bin_2	  = 0.946914	 +/-  0.00654351	(limited)
gamma_stat_ee_SR_bin_20	  = 0.99572	 +/-  0.00374891	(limited)
gamma_stat_ee_SR_bin_21	  = 1.01368	 +/-  0.00456007	(limited)
gamma_stat_ee_SR_bin_22	  = 1.00408	 +/-  0.00534	(limited)
gamma_stat_ee_SR_bin_23	  = 1.03403	 +/-  0.00624633	(limited)
gamma_stat_ee_SR_bin_24	  = 1.01276	 +/-  0.00653893	(limited)
gamma_stat_ee_SR_bin_25	  = 1.00675	 +/-  0.00729399	(limited)
gamma_stat_ee_SR_bin_26	  = 1.02639	 +/-  0.00834948	(limited)
gamma_stat_ee_SR_bin_27	  = 1.04544	 +/-  0.0092182	(limited)
gamma_stat_ee_SR_bin_28	  = 1.01311	 +/-  0.00984954	(limited)
gamma_stat_ee_SR_bin_29	  = 1.01711	 +/-  0.00994166	(limited)
gamma_stat_ee_SR_bin_3	  = 0.964932	 +/-  0.00595852	(limited)
gamma_stat_ee_SR_bin_4	  = 0.97738	 +/-  0.00575899	(limited)
gamma_stat_ee_SR_bin_5	  = 0.979539	 +/-  0.00528376	(limited)
gamma_stat_ee_SR_bin_6	  = 0.992591	 +/-  0.00485461	(limited)
gamma_stat_ee_SR_bin_7	  = 1.00398	 +/-  0.00437836	(limited)
gamma_stat_ee_SR_bin_8	  = 0.989649	 +/-  0.0038474	(limited)
gamma_stat_ee_SR_bin_9	  = 1.00077	 +/-  0.00330151	(limited)
gamma_stat_mumu_SR_bin_0	  = 1.00735	 +/-  0.00439704	(limited)
gamma_stat_mumu_SR_bin_1	  = 0.995873	 +/-  0.00343305	(limited)
gamma_stat_mumu_SR_bin_10	  = 1.00928	 +/-  0.00487147	(limited)
gamma_stat_mumu_SR_bin_11	  = 1.00925	 +/-  0.00565146	(limited)
gamma_stat_mumu_SR_bin_2	  = 0.99766	 +/-  0.00283702	(limited)
gamma_stat_mumu_SR_bin_3	  = 0.995573	 +/-  0.00208094	(limited)
gamma_stat_mumu_SR_bin_4	  = 1.00068	 +/-  0.00147835	(limited)
gamma_stat_mumu_SR_bin_5	  = 1.00023	 +/-  0.000919438	(limited)
gamma_stat_mumu_SR_bin_6	  = 1.00008	 +/-  0.000734598	(limited)
gamma_stat_mumu_SR_bin_7	  = 1	 +/-  0.00193002	(limited)
gamma_stat_mumu_SR_bin_8	  = 0.998361	 +/-  0.00230777	(limited)
gamma_stat_mumu_SR_bin_9	  = 1.00631	 +/-  0.00364582	(limited)
gamma_stat_tautau_SR0_bin_0	  = 0.985997	 +/-  0.0190794	(limited)
gamma_stat_tautau_SR0_bin_1	  = 0.997959	 +/-  0.0141091	(limited)
gamma_stat_tautau_SR0_bin_2	  = 1.00475	 +/-  0.00885531	(limited)
gamma_stat_tautau_SR0_bin_3	  = 1.00551	 +/-  0.00893632	(limited)
gamma_stat_tautau_SR0_bin_4	  = 0.99706	 +/-  0.0107057	(limited)
gamma_stat_tautau_SR0_bin_5	  = 1.00206	 +/-  0.0100712	(limited)
gamma_stat_tautau_SR0_bin_6	  = 0.990152	 +/-  0.00970919	(limited)
gamma_stat_tautau_SR1_bin_0	  = 0.833416	 +/-  0.391411	(limited)
gamma_stat_tautau_SR1_bin_1	  = 0.980933	 +/-  0.080211	(limited)
gamma_stat_tautau_SR1_bin_10	  = 1.07448	 +/-  0.190067	(limited)
gamma_stat_tautau_SR1_bin_11	  = 0.676257	 +/-  0.391232	(limited)
gamma_stat_tautau_SR1_bin_12	  = 0.776707	 +/-  0.385249	(limited)
gamma_stat_tautau_SR1_bin_13	  = 1.12517	 +/-  0.289005	(limited)
gamma_stat_tautau_SR1_bin_2	  = 1.04264	 +/-  0.0528958	(limited)
gamma_stat_tautau_SR1_bin_3	  = 1.04293	 +/-  0.0487887	(limited)
gamma_stat_tautau_SR1_bin_4	  = 1.05238	 +/-  0.0410229	(limited)
gamma_stat_tautau_SR1_bin_5	  = 1.00637	 +/-  0.0328858	(limited)
gamma_stat_tautau_SR1_bin_6	  = 0.979871	 +/-  0.0286051	(limited)
gamma_stat_tautau_SR1_bin_7	  = 0.992067	 +/-  0.0267939	(limited)
gamma_stat_tautau_SR1_bin_8	  = 1.01438	 +/-  0.0452746	(limited)
gamma_stat_tautau_SR1_bin_9	  = 1.00481	 +/-  0.0641852	(limited)
gamma_stat_tautau_SR2_bin_0	  = 1.20458e-05	 +/-  46736.4	(limited)
gamma_stat_tautau_SR2_bin_1	  = 0.994626	 +/-  0.118014	(limited)
gamma_stat_tautau_SR2_bin_10	  = 1.31998	 +/-  0.325585	(limited)
gamma_stat_tautau_SR2_bin_11	  = 0.855107	 +/-  0.246521	(limited)
gamma_stat_tautau_SR2_bin_12	  = 0.502348	 +/-  0.896156	(limited)
gamma_stat_tautau_SR2_bin_13	  = 1.04994	 +/-  0.368886	(limited)
gamma_stat_tautau_SR2_bin_2	  = 1.02141	 +/-  0.0545978	(limited)
gamma_stat_tautau_SR2_bin_3	  = 1.03011	 +/-  0.0349966	(limited)
gamma_stat_tautau_SR2_bin_4	  = 0.990633	 +/-  0.0264377	(limited)
gamma_stat_tautau_SR2_bin_5	  = 0.97516	 +/-  0.0292297	(limited)
gamma_stat_tautau_SR2_bin_6	  = 0.99407	 +/-  0.0433764	(limited)
gamma_stat_tautau_SR2_bin_7	  = 1.17557	 +/-  0.0918864	(limited)
gamma_stat_tautau_SR2_bin_8	  = 1.24723	 +/-  0.160262	(limited)
gamma_stat_tautau_SR2_bin_9	  = 0.747068	 +/-  0.133416	(limited)
mu_comb	  = 0.954804	 +/-  0.00114445	(limited)
Warning in <Minuit2>: MnPosDef Matrix forced pos-def by adding to diagonal 0.0174558
******************************************************************************************************
Minuit2Minimizer::GetMinosError - Run MINOS LOWER error for parameter #133 : mu_comb using max-calls 89780, tolerance 0.1
Warning in <Minuit2>: VariableMetricBuilder No improvement in line search
******************************************************************************************************
Minuit2Minimizer::GetMinosError - Run MINOS UPPER error for parameter #133 : mu_comb using max-calls 89780, tolerance 0.1
Warning in <Minuit2>: DavidonErrorUpdator delgam < 0 : first derivatives increasing along search line (details in info log)
Warning in <Minuit2>: VariableMetricBuilder Matrix not pos.def., try to make pos.def.
Warning in <Minuit2>: MnPosDef non-positive diagonal element in covariance matrix[ 63 ] = -0.00200162
Warning in <Minuit2>: MnPosDef Added to diagonal of Error matrix a value 0.502002
Warning in <Minuit2>: DavidonErrorUpdator delgam < 0 : first derivatives increasing along search line (details in info log)
Warning in <Minuit2>: VariableMetricBuilder No improvement in line search
Warning in <Minuit2>: VariableMetricBuilder Iterations finish without convergence; Edm 0.068949 Requested 5e-05
Warning in <Minuit2>: VariableMetricBuilder No convergence; Edm 0.0567929 is above tolerance 0.0005
Warning in <Minuit2>: MnMinos could not find Upper Value for Parameter mu_comb
Minos: Lower error for parameter mu_comb  :  -0.0133785
Minos:  Invalid upper error for parameter mu_comb
Warning in <Minuit2>: RunMinosError Invalid upper error for parameter mu_comb
[#0] ERROR:Minimization -- RooMinimizer::calculateMinosErrors() Minos error calculation failed for all the selected parameters
[1;32m[ INFO    ][0;0m FittingTool.c...:351 16-09-2026 15:24:47 | 
[1;32m[ INFO    ][0;0m FittingTool.c...:352 16-09-2026 15:24:47 | 
[1;32m[ INFO    ][0;0m FittingTool.c...:353 16-09-2026 15:24:47 | 
[1;32m[ INFO    ][0;0m FittingTool.c...:354 16-09-2026 15:24:47 | ***********************************************************
[1;32m[ INFO    ][0;0m FittingTool.c...:355 16-09-2026 15:24:47 |          FIT FINALIZED SUCCESSFULLY : 
[1;32m[ INFO    ][0;0m FittingTool.c...:356 16-09-2026 15:24:47 |             - minuit status 1
[1;32m[ INFO    ][0;0m FittingTool.c...:357 16-09-2026 15:24:47 |             - hess status 0
[1;32m[ INFO    ][0;0m FittingTool.c...:358 16-09-2026 15:24:47 |             - Edm = 0.000339216
[1;32m[ INFO    ][0;0m FittingTool.c...:359 16-09-2026 15:24:47 |             - minos status -1
[0;33m[ WARNING ][0;0m FittingTool.c...:360 16-09-2026 15:24:47 |             Covariance was made pos-def!
[1;32m[ INFO    ][0;0m FittingTool.c...:361 16-09-2026 15:24:47 | ***********************************************************
[1;32m[ INFO    ][0;0m FittingTool.c...:362 16-09-2026 15:24:47 | 
[1;32m[ INFO    ][0;0m FittingTool.c...:363 16-09-2026 15:24:47 | 
[1;32m[ INFO    ][0;0m FittingTool.c...:364 16-09-2026 15:24:47 | 
[1;32m[ INFO    ][0;0m FittingTool.c...:377 16-09-2026 15:24:47 | ***********************************************************
[1;32m[ INFO    ][0;0m FittingTool.c...:378 16-09-2026 15:24:47 |   Final value of the NLL = 26909724.02211496606469154358
[1;32m[ INFO    ][0;0m FittingTool.c...:379 16-09-2026 15:24:47 | ***********************************************************
[1;32m[ INFO    ][0;0m MultiFit.cc:584      16-09-2026 15:24:47 | ----------------------- -------------------------- -----------------------
[1;32m[ INFO    ][0;0m MultiFit.cc:585      16-09-2026 15:24:47 | ----------------------- GOODNESS OF FIT EVALUATION -----------------------
[1;32m[ INFO    ][0;0m MultiFit.cc:586      16-09-2026 15:24:47 |   probability = 7.44636e-40
[1;32m[ INFO    ][0;0m MultiFit.cc:587      16-09-2026 15:24:47 | ----------------------- -------------------------- -----------------------
