[1mxRooFit -- Create/Explore/Modify Workspaces -- Development ongoing[0m 
                xRooFit : http://gitlab.cern.ch/will/xroofit
                Version: v0.0.1-63-g58420b1 [2026-01-30 10:47:53 +0000]
[1mTRExFitter version -- v1.8.0
[0m[0;33m[ WARNING ][0;0m trex-fitter.cc:47    16-09-2026 15:21:06 | Not able to pre-read the DebugLevel => keep the default (1).
[1;32m[ INFO    ][0;0m ConfigReader.c...:48 16-09-2026 15:21:06 | Started reading the config
[1;32m[ INFO    ][0;0m ConfigParser....:386 16-09-2026 15:21:06 | Reading config file: BND-school/combination/combLieke/mumu_ee_tautau/generated/ee.config
[1;32m[ INFO    ][0;0m ConfigParser....:386 16-09-2026 15:21:06 | Reading config file: /project/atlas/Users/lgijsen/BND-school/TRExFitter-v1.8.0/jobSchema.config
[1;32m[ INFO    ][0;0m trex-fitter.c...:225 16-09-2026 15:21:06 | Successfully read config file.
[1;32m[ INFO    ][0;0m TRExFit.cc:5473      16-09-2026 15:21:06 | -------------------------------------------
[1;32m[ INFO    ][0;0m TRExFit.cc:5474      16-09-2026 15:21:06 | Job name: /project/atlas/Users/lgijsen/BND-school/combination/combLieke/mumu_ee_tautau/results/comb_ee
[1;32m[ INFO    ][0;0m TRExFit.cc:5475      16-09-2026 15:21:06 | Reading the following regions:
[1;32m[ INFO    ][0;0m Region.cc:826        16-09-2026 15:21:06 |     Region: ee_SR
[1;32m[ INFO    ][0;0m TRExFit.cc:5479      16-09-2026 15:21:06 | Reading the following samples:
[1;32m[ INFO    ][0;0m TRExFit.cc:5481      16-09-2026 15:21:06 |      Data_2016
[1;32m[ INFO    ][0;0m TRExFit.cc:5481      16-09-2026 15:21:06 |      DYee
[1;32m[ INFO    ][0;0m TRExFit.cc:5481      16-09-2026 15:21:06 |      DY_tautau
[1;32m[ INFO    ][0;0m TRExFit.cc:5481      16-09-2026 15:21:06 |      Diboson
[1;32m[ INFO    ][0;0m TRExFit.cc:5481      16-09-2026 15:21:06 |      ttbar
[1;32m[ INFO    ][0;0m TRExFit.cc:5481      16-09-2026 15:21:06 |      Wjets
[1;32m[ INFO    ][0;0m TRExFit.cc:5483      16-09-2026 15:21:06 | Reading the following systematics:
[1;32m[ INFO    ][0;0m TRExFit.cc:5487      16-09-2026 15:21:06 |  Lumi
[1;32m[ INFO    ][0;0m TRExFit.cc:5487      16-09-2026 15:21:06 |  Pileup
[1;32m[ INFO    ][0;0m TRExFit.cc:5487      16-09-2026 15:21:06 |  L1Prefiring
[1;32m[ INFO    ][0;0m TRExFit.cc:5487      16-09-2026 15:21:06 |  ElectronRECO
[1;32m[ INFO    ][0;0m TRExFit.cc:5487      16-09-2026 15:21:06 |  ElectronID
[1;32m[ INFO    ][0;0m TRExFit.cc:5487      16-09-2026 15:21:06 |  PDF
[1;32m[ INFO    ][0;0m TRExFit.cc:5487      16-09-2026 15:21:06 |  QCDScale
[1;32m[ INFO    ][0;0m TRExFit.cc:5487      16-09-2026 15:21:06 |  XS_TTbar
[1;32m[ INFO    ][0;0m TRExFit.cc:5487      16-09-2026 15:21:06 |  XS_VV
[1;32m[ INFO    ][0;0m TRExFit.cc:5487      16-09-2026 15:21:06 |  XS_WJets
[1;32m[ INFO    ][0;0m TRExFit.cc:5487      16-09-2026 15:21:06 |  XS_DYtautau
[1;32m[ INFO    ][0;0m TRExFit.cc:5487      16-09-2026 15:21:06 |  PS_FSR
[1;32m[ INFO    ][0;0m TRExFit.cc:5487      16-09-2026 15:21:06 |  ElectronES
[1;32m[ INFO    ][0;0m TRExFit.cc:5487      16-09-2026 15:21:06 |  ElectronER
[1;32m[ INFO    ][0;0m TRExFit.cc:5491      16-09-2026 15:21:06 | -------------------------------------------
[1;32m[ INFO    ][0;0m trex-fitter.c...:471 16-09-2026 15:21:06 | Fitting...
[1;32m[ INFO    ][0;0m TRExFit.cc:4363      16-09-2026 15:21:07 | 
[1;32m[ INFO    ][0;0m TRExFit.cc:4364      16-09-2026 15:21:07 | -------------------------------------------
[1;32m[ INFO    ][0;0m TRExFit.cc:4365      16-09-2026 15:21:07 | Performing nominal fit...
[1;32m[ INFO    ][0;0m FittingTool.c...:111 16-09-2026 15:21:07 | Likelihood offset set to: bin
[1;32m[ INFO    ][0;0m FitUtils.cc:720      16-09-2026 15:21:07 | POI: mu_comb
[1;32m[ INFO    ][0;0m FitUtils.cc:721      16-09-2026 15:21:07 |    -> Constant POI : 0
[1;32m[ INFO    ][0;0m FitUtils.cc:722      16-09-2026 15:21:07 |    -> Initial value of POI : 1
[1;32m[ INFO    ][0;0m FittingTool.c...:205 16-09-2026 15:21:07 | Manually setting strategy to 2
[1;32m[ INFO    ][0;0m FittingTool.c...:241 16-09-2026 15:21:07 | 
[1;32m[ INFO    ][0;0m FittingTool.c...:242 16-09-2026 15:21:07 | 
[1;32m[ INFO    ][0;0m FittingTool.c...:243 16-09-2026 15:21:07 | 
[1;32m[ INFO    ][0;0m FittingTool.c...:244 16-09-2026 15:21:07 | Fit try no. 1
[1;32m[ INFO    ][0;0m FittingTool.c...:245 16-09-2026 15:21:07 | ======================
[1;32m[ INFO    ][0;0m FittingTool.c...:246 16-09-2026 15:21:07 | 
Minuit2Minimizer: Minimize with max-calls 22500 convergence for edm < 0.01 strategy 2
RooAbsMinimizerFcn: Minimized function has error status.
Returning maximum FCN so far (18655.3) to force MIGRAD to back out of this region. Error log follows.
Parameter values: 	alpha_ElectronER=0	alpha_ElectronES=0	alpha_ElectronID=0	alpha_ElectronRECO=0	alpha_L1Prefiring=0	alpha_Lumi=0	alpha_PDF=0	alpha_PS_FSR=0	alpha_Pileup=0	alpha_QCDScale=0	alpha_XS_DYtautau=0	alpha_XS_TTbar=-4.99707	alpha_XS_VV=-4.98448	alpha_XS_WJets=-4.98723	gamma_stat_ee_SR_bin_0=1	gamma_stat_ee_SR_bin_1=1	gamma_stat_ee_SR_bin_10=1	gamma_stat_ee_SR_bin_11=1	gamma_stat_ee_SR_bin_12=1	gamma_stat_ee_SR_bin_13=0.970264	gamma_stat_ee_SR_bin_14=0.918277	gamma_stat_ee_SR_bin_15=1	gamma_stat_ee_SR_bin_16=1	gamma_stat_ee_SR_bin_17=1	gamma_stat_ee_SR_bin_18=1	gamma_stat_ee_SR_bin_19=1	gamma_stat_ee_SR_bin_2=1	gamma_stat_ee_SR_bin_20=1	gamma_stat_ee_SR_bin_21=1	gamma_stat_ee_SR_bin_22=1	gamma_stat_ee_SR_bin_23=1	gamma_stat_ee_SR_bin_24=1	gamma_stat_ee_SR_bin_25=1	gamma_stat_ee_SR_bin_26=1	gamma_stat_ee_SR_bin_27=1	gamma_stat_ee_SR_bin_28=1	gamma_stat_ee_SR_bin_29=1	gamma_stat_ee_SR_bin_3=1	gamma_stat_ee_SR_bin_4=1	gamma_stat_ee_SR_bin_5=1	gamma_stat_ee_SR_bin_6=1	gamma_stat_ee_SR_bin_7=1	gamma_stat_ee_SR_bin_8=1	gamma_stat_ee_SR_bin_9=1	mu_comb=1

RooAbsMinimizerFcn: Minimized function has error status.
Returning maximum FCN so far (18655.3) to force MIGRAD to back out of this region. Error log follows.
Parameter values: 	alpha_ElectronER=0	alpha_ElectronES=0	alpha_ElectronID=0	alpha_ElectronRECO=0	alpha_L1Prefiring=0	alpha_Lumi=0	alpha_PDF=0	alpha_PS_FSR=0	alpha_Pileup=0	alpha_QCDScale=0	alpha_XS_DYtautau=0	alpha_XS_TTbar=-4.99707	alpha_XS_VV=-4.98448	alpha_XS_WJets=-4.98723	gamma_stat_ee_SR_bin_0=1	gamma_stat_ee_SR_bin_1=1	gamma_stat_ee_SR_bin_10=1	gamma_stat_ee_SR_bin_11=1	gamma_stat_ee_SR_bin_12=1	gamma_stat_ee_SR_bin_13=0.970264	gamma_stat_ee_SR_bin_14=0.951383	gamma_stat_ee_SR_bin_15=0.925549	gamma_stat_ee_SR_bin_16=1	gamma_stat_ee_SR_bin_17=1	gamma_stat_ee_SR_bin_18=1	gamma_stat_ee_SR_bin_19=1	gamma_stat_ee_SR_bin_2=1	gamma_stat_ee_SR_bin_20=1	gamma_stat_ee_SR_bin_21=1	gamma_stat_ee_SR_bin_22=1	gamma_stat_ee_SR_bin_23=1	gamma_stat_ee_SR_bin_24=1	gamma_stat_ee_SR_bin_25=1	gamma_stat_ee_SR_bin_26=1	gamma_stat_ee_SR_bin_27=1	gamma_stat_ee_SR_bin_28=1	gamma_stat_ee_SR_bin_29=1	gamma_stat_ee_SR_bin_3=1	gamma_stat_ee_SR_bin_4=1	gamma_stat_ee_SR_bin_5=1	gamma_stat_ee_SR_bin_6=1	gamma_stat_ee_SR_bin_7=1	gamma_stat_ee_SR_bin_8=1	gamma_stat_ee_SR_bin_9=1	mu_comb=1

RooAbsMinimizerFcn: Minimized function has error status.
Returning maximum FCN so far (18655.3) to force MIGRAD to back out of this region. Error log follows.
Parameter values: 	alpha_ElectronER=0	alpha_ElectronES=0	alpha_ElectronID=0	alpha_ElectronRECO=0	alpha_L1Prefiring=0	alpha_Lumi=0	alpha_PDF=0	alpha_PS_FSR=0	alpha_Pileup=0	alpha_QCDScale=0	alpha_XS_DYtautau=0	alpha_XS_TTbar=-4.99707	alpha_XS_VV=-4.98448	alpha_XS_WJets=-4.98723	gamma_stat_ee_SR_bin_0=1	gamma_stat_ee_SR_bin_1=1	gamma_stat_ee_SR_bin_10=1	gamma_stat_ee_SR_bin_11=1	gamma_stat_ee_SR_bin_12=1	gamma_stat_ee_SR_bin_13=0.970264	gamma_stat_ee_SR_bin_14=0.951383	gamma_stat_ee_SR_bin_15=0.96719	gamma_stat_ee_SR_bin_16=0.923274	gamma_stat_ee_SR_bin_17=1	gamma_stat_ee_SR_bin_18=1	gamma_stat_ee_SR_bin_19=1	gamma_stat_ee_SR_bin_2=1	gamma_stat_ee_SR_bin_20=1	gamma_stat_ee_SR_bin_21=1	gamma_stat_ee_SR_bin_22=1	gamma_stat_ee_SR_bin_23=1	gamma_stat_ee_SR_bin_24=1	gamma_stat_ee_SR_bin_25=1	gamma_stat_ee_SR_bin_26=1	gamma_stat_ee_SR_bin_27=1	gamma_stat_ee_SR_bin_28=1	gamma_stat_ee_SR_bin_29=1	gamma_stat_ee_SR_bin_3=1	gamma_stat_ee_SR_bin_4=1	gamma_stat_ee_SR_bin_5=1	gamma_stat_ee_SR_bin_6=1	gamma_stat_ee_SR_bin_7=1	gamma_stat_ee_SR_bin_8=1	gamma_stat_ee_SR_bin_9=1	mu_comb=1

RooAbsMinimizerFcn: Minimized function has error status.
Returning maximum FCN so far (18655.3) to force MIGRAD to back out of this region. Error log follows.
Parameter values: 	alpha_ElectronER=0	alpha_ElectronES=0	alpha_ElectronID=0	alpha_ElectronRECO=0	alpha_L1Prefiring=0	alpha_Lumi=0	alpha_PDF=0	alpha_PS_FSR=0	alpha_Pileup=0	alpha_QCDScale=0	alpha_XS_DYtautau=0	alpha_XS_TTbar=-4.99707	alpha_XS_VV=-4.98448	alpha_XS_WJets=-4.98723	gamma_stat_ee_SR_bin_0=1	gamma_stat_ee_SR_bin_1=1	gamma_stat_ee_SR_bin_10=1	gamma_stat_ee_SR_bin_11=1	gamma_stat_ee_SR_bin_12=1	gamma_stat_ee_SR_bin_13=0.970264	gamma_stat_ee_SR_bin_14=0.951383	gamma_stat_ee_SR_bin_15=0.96719	gamma_stat_ee_SR_bin_16=0.957412	gamma_stat_ee_SR_bin_17=0.889414	gamma_stat_ee_SR_bin_18=1	gamma_stat_ee_SR_bin_19=1	gamma_stat_ee_SR_bin_2=1	gamma_stat_ee_SR_bin_20=1	gamma_stat_ee_SR_bin_21=1	gamma_stat_ee_SR_bin_22=1	gamma_stat_ee_SR_bin_23=1	gamma_stat_ee_SR_bin_24=1	gamma_stat_ee_SR_bin_25=1	gamma_stat_ee_SR_bin_26=1	gamma_stat_ee_SR_bin_27=1	gamma_stat_ee_SR_bin_28=1	gamma_stat_ee_SR_bin_29=1	gamma_stat_ee_SR_bin_3=1	gamma_stat_ee_SR_bin_4=1	gamma_stat_ee_SR_bin_5=1	gamma_stat_ee_SR_bin_6=1	gamma_stat_ee_SR_bin_7=1	gamma_stat_ee_SR_bin_8=1	gamma_stat_ee_SR_bin_9=1	mu_comb=1

Warning in <Minuit2>: MnPosDef Matrix forced pos-def by adding to diagonal 0.324797
RooAbsMinimizerFcn: Minimized function has error status.
Returning maximum FCN so far (18655.3) to force MIGRAD to back out of this region. Error log follows.
Parameter values: 	alpha_ElectronER=4.73934	alpha_ElectronES=0.000108902	alpha_ElectronID=0.296992	alpha_ElectronRECO=0.237194	alpha_L1Prefiring=1.67607	alpha_Lumi=-0.254962	alpha_PDF=4.81791	alpha_PS_FSR=-4.66657	alpha_Pileup=0.470611	alpha_QCDScale=-3.00184	alpha_XS_DYtautau=4.26532	alpha_XS_TTbar=-4.98631	alpha_XS_VV=-4.95069	alpha_XS_WJets=-4.33388	gamma_stat_ee_SR_bin_0=1.07005	gamma_stat_ee_SR_bin_1=0.768672	gamma_stat_ee_SR_bin_10=0.786079	gamma_stat_ee_SR_bin_11=0.8294	gamma_stat_ee_SR_bin_12=0.0713939	gamma_stat_ee_SR_bin_13=0.94137	gamma_stat_ee_SR_bin_14=0.955591	gamma_stat_ee_SR_bin_15=0.964948	gamma_stat_ee_SR_bin_16=0.950463	gamma_stat_ee_SR_bin_17=0.921064	gamma_stat_ee_SR_bin_18=0.890212	gamma_stat_ee_SR_bin_19=0.464411	gamma_stat_ee_SR_bin_2=0.901433	gamma_stat_ee_SR_bin_20=0.40415	gamma_stat_ee_SR_bin_21=0.732364	gamma_stat_ee_SR_bin_22=0.762463	gamma_stat_ee_SR_bin_23=0.779455	gamma_stat_ee_SR_bin_24=0.850365	gamma_stat_ee_SR_bin_25=0.792271	gamma_stat_ee_SR_bin_26=0.923734	gamma_stat_ee_SR_bin_27=0.771024	gamma_stat_ee_SR_bin_28=0.907508	gamma_stat_ee_SR_bin_29=0.60623	gamma_stat_ee_SR_bin_3=0.813118	gamma_stat_ee_SR_bin_4=0.011213	gamma_stat_ee_SR_bin_5=1.67732e-05	gamma_stat_ee_SR_bin_6=0.317827	gamma_stat_ee_SR_bin_7=0.481481	gamma_stat_ee_SR_bin_8=0.421182	gamma_stat_ee_SR_bin_9=0.589285	mu_comb=0.999293

Minuit2Minimizer : Valid minimum - status = 0
FVAL  = 327.230271487413859
Edm   = 5.82174227267682815e-06
Nfcn  = 10644
alpha_ElectronER	  = 1.38408	 +/-  0.974968	(limited)
alpha_ElectronES	  = 6.78072e-08	 +/-  0.993344	(limited)
alpha_ElectronID	  = 0.594327	 +/-  0.0794293	(limited)
alpha_ElectronRECO	  = 0.445037	 +/-  0.994108	(limited)
alpha_L1Prefiring	  = 2.02109	 +/-  0.926066	(limited)
alpha_Lumi	  = -0.442448	 +/-  0.986111	(limited)
alpha_PDF	  = 0.0614097	 +/-  0.992788	(limited)
alpha_PS_FSR	  = -0.576564	 +/-  0.502954	(limited)
alpha_Pileup	  = -1.57912	 +/-  0.593537	(limited)
alpha_QCDScale	  = -1.97712	 +/-  0.389585	(limited)
alpha_XS_DYtautau	  = -1.81026	 +/-  0.931045	(limited)
alpha_XS_TTbar	  = 0.404421	 +/-  0.955954	(limited)
alpha_XS_VV	  = 0.00290327	 +/-  0.991241	(limited)
alpha_XS_WJets	  = -0.877962	 +/-  0.928955	(limited)
gamma_stat_ee_SR_bin_0	  = 0.969784	 +/-  0.00835918	(limited)
gamma_stat_ee_SR_bin_1	  = 1.00202	 +/-  0.00900327	(limited)
gamma_stat_ee_SR_bin_10	  = 1.008	 +/-  0.00324252	(limited)
gamma_stat_ee_SR_bin_11	  = 1.0172	 +/-  0.00271715	(limited)
gamma_stat_ee_SR_bin_12	  = 1.00631	 +/-  0.00195483	(limited)
gamma_stat_ee_SR_bin_13	  = 1.00097	 +/-  0.00135259	(limited)
gamma_stat_ee_SR_bin_14	  = 0.996443	 +/-  0.00096074	(limited)
gamma_stat_ee_SR_bin_15	  = 1.00702	 +/-  0.00768443	(limited)
gamma_stat_ee_SR_bin_16	  = 0.997755	 +/-  0.00107288	(limited)
gamma_stat_ee_SR_bin_17	  = 0.980232	 +/-  0.00177486	(limited)
gamma_stat_ee_SR_bin_18	  = 0.981063	 +/-  0.00251871	(limited)
gamma_stat_ee_SR_bin_19	  = 1.00332	 +/-  0.00321063	(limited)
gamma_stat_ee_SR_bin_2	  = 0.94488	 +/-  0.00700195	(limited)
gamma_stat_ee_SR_bin_20	  = 0.999897	 +/-  0.00399877	(limited)
gamma_stat_ee_SR_bin_21	  = 1.02217	 +/-  0.0055551	(limited)
gamma_stat_ee_SR_bin_22	  = 1.01271	 +/-  0.00596927	(limited)
gamma_stat_ee_SR_bin_23	  = 1.04067	 +/-  0.0067976	(limited)
gamma_stat_ee_SR_bin_24	  = 1.01302	 +/-  0.00677522	(limited)
gamma_stat_ee_SR_bin_25	  = 1.01124	 +/-  0.00763414	(limited)
gamma_stat_ee_SR_bin_26	  = 1.02855	 +/-  0.00931225	(limited)
gamma_stat_ee_SR_bin_27	  = 1.04845	 +/-  0.0105632	(limited)
gamma_stat_ee_SR_bin_28	  = 1.02131	 +/-  0.0111483	(limited)
gamma_stat_ee_SR_bin_29	  = 1.02378	 +/-  0.0112058	(limited)
gamma_stat_ee_SR_bin_3	  = 0.964021	 +/-  0.00675635	(limited)
gamma_stat_ee_SR_bin_4	  = 0.974128	 +/-  0.00685642	(limited)
gamma_stat_ee_SR_bin_5	  = 0.981168	 +/-  0.00562489	(limited)
gamma_stat_ee_SR_bin_6	  = 0.993246	 +/-  0.00523248	(limited)
gamma_stat_ee_SR_bin_7	  = 1.00415	 +/-  0.00457832	(limited)
gamma_stat_ee_SR_bin_8	  = 0.986034	 +/-  0.00424081	(limited)
gamma_stat_ee_SR_bin_9	  = 0.994885	 +/-  0.0039558	(limited)
mu_comb	  = 0.920434	 +/-  0.0148608	(limited)
******************************************************************************************************
Minuit2Minimizer::GetMinosError - Run MINOS LOWER error for parameter #44 : mu_comb using max-calls 22500, tolerance 0.01
******************************************************************************************************
Minuit2Minimizer::GetMinosError - Run MINOS UPPER error for parameter #44 : mu_comb using max-calls 22500, tolerance 0.01
Warning in <Minuit2>: DavidonErrorUpdator delgam < 0 : first derivatives increasing along search line (details in info log)
Warning in <Minuit2>: VariableMetricBuilder Matrix not pos.def, gdel = 0.000123261 > 0
Warning in <Minuit2>: MnPosDef non-positive diagonal element in covariance matrix[ 21 ] = -0.883568
Warning in <Minuit2>: MnPosDef Added to diagonal of Error matrix a value 1.38357
Warning in <Minuit2>: VariableMetricBuilder gdel = -0.00798695
Warning in <Minuit2>: VariableMetricBuilder No improvement in line search
Warning in <Minuit2>: VariableMetricBuilder Iterations finish without convergence; Edm 9.69039e-05 Requested 5e-06
Warning in <Minuit2>: VariableMetricBuilder No convergence; Edm 6.20392e-05 is above tolerance 5e-05
Warning in <Minuit2>: MnMinos could not find Upper Value for Parameter mu_comb
Minos: Lower error for parameter mu_comb  :  -0.0146651
Minos:  Invalid upper error for parameter mu_comb
Warning in <Minuit2>: RunMinosError Invalid upper error for parameter mu_comb
[#0] ERROR:Minimization -- RooMinimizer::calculateMinosErrors() Minos error calculation failed for all the selected parameters
[1;32m[ INFO    ][0;0m FittingTool.c...:351 16-09-2026 15:21:07 | 
[1;32m[ INFO    ][0;0m FittingTool.c...:352 16-09-2026 15:21:07 | 
[1;32m[ INFO    ][0;0m FittingTool.c...:353 16-09-2026 15:21:07 | 
[1;32m[ INFO    ][0;0m FittingTool.c...:354 16-09-2026 15:21:07 | ***********************************************************
[1;32m[ INFO    ][0;0m FittingTool.c...:355 16-09-2026 15:21:07 |          FIT FINALIZED SUCCESSFULLY : 
[1;32m[ INFO    ][0;0m FittingTool.c...:356 16-09-2026 15:21:07 |             - minuit status 0
[1;32m[ INFO    ][0;0m FittingTool.c...:357 16-09-2026 15:21:07 |             - hess status 0
[1;32m[ INFO    ][0;0m FittingTool.c...:358 16-09-2026 15:21:07 |             - Edm = 6.04572e-06
[1;32m[ INFO    ][0;0m FittingTool.c...:359 16-09-2026 15:21:07 |             - minos status -1
[1;32m[ INFO    ][0;0m FittingTool.c...:361 16-09-2026 15:21:07 | ***********************************************************
[1;32m[ INFO    ][0;0m FittingTool.c...:362 16-09-2026 15:21:07 | 
[1;32m[ INFO    ][0;0m FittingTool.c...:363 16-09-2026 15:21:07 | 
[1;32m[ INFO    ][0;0m FittingTool.c...:364 16-09-2026 15:21:07 | 
[1;32m[ INFO    ][0;0m FittingTool.c...:377 16-09-2026 15:21:07 | ***********************************************************
[1;32m[ INFO    ][0;0m FittingTool.c...:378 16-09-2026 15:21:07 |   Final value of the NLL = 327.23027148741385872199
[1;32m[ INFO    ][0;0m FittingTool.c...:379 16-09-2026 15:21:07 | ***********************************************************
[1;32m[ INFO    ][0;0m TRExFit.cc:4858      16-09-2026 15:21:07 | ----------------------- -------------------------- -----------------------
[1;32m[ INFO    ][0;0m TRExFit.cc:4859      16-09-2026 15:21:07 | ----------------------- GOODNESS OF FIT EVALUATION -----------------------
[1;32m[ INFO    ][0;0m TRExFit.cc:4860      16-09-2026 15:21:07 |   probability = 7.44336e-43
[1;32m[ INFO    ][0;0m TRExFit.cc:4861      16-09-2026 15:21:07 | ----------------------- -------------------------- -----------------------
[0;33m[ WARNING ][0;0m FittingTool.c...:806 16-09-2026 15:21:08 | NuisanceParameter: alpha_ElectronRECO is underconstrained! This may indicate fit convergence problems!
[1;32m[ INFO    ][0;0m TRExFit.cc:5405      16-09-2026 15:21:08 | ------------------------------------------------------
[1;32m[ INFO    ][0;0m TRExFit.cc:5406      16-09-2026 15:21:08 | Reading fit results from file
[1;32m[ INFO    ][0;0m TRExFit.cc:5405      16-09-2026 15:21:08 | ------------------------------------------------------
[1;32m[ INFO    ][0;0m TRExFit.cc:5406      16-09-2026 15:21:08 | Reading fit results from file
[1;32m[ INFO    ][0;0m YamlConverter...:361 16-09-2026 15:21:08 | Writing correlation yaml file to: /project/atlas/Users/lgijsen/BND-school/combination/combLieke/mumu_ee_tautau/results/comb_ee/CorrelationMatrix.yaml
