[1mxRooFit -- Create/Explore/Modify Workspaces -- Development ongoing[0m 
                xRooFit : http://gitlab.cern.ch/will/xroofit
                Version: v0.0.1-63-g58420b1 [2026-01-30 10:47:53 +0000]
[1mTRExFitter version -- v1.8.0
[0m[0;33m[ WARNING ][0;0m trex-fitter.cc:47    16-09-2026 15:19:24 | Not able to pre-read the DebugLevel => keep the default (1).
[1;32m[ INFO    ][0;0m ConfigReader.c...:48 16-09-2026 15:19:24 | Started reading the config
[1;32m[ INFO    ][0;0m ConfigParser....:386 16-09-2026 15:19:24 | Reading config file: BND-school/combination/combLieke/mumu_ee_tautau/generated/ee.config
[1;32m[ INFO    ][0;0m ConfigParser....:386 16-09-2026 15:19:24 | Reading config file: /project/atlas/Users/lgijsen/BND-school/TRExFitter-v1.8.0/jobSchema.config
[1;32m[ INFO    ][0;0m trex-fitter.c...:225 16-09-2026 15:19:24 | Successfully read config file.
[1;32m[ INFO    ][0;0m TRExFit.cc:5473      16-09-2026 15:19:24 | -------------------------------------------
[1;32m[ INFO    ][0;0m TRExFit.cc:5474      16-09-2026 15:19:24 | Job name: /project/atlas/Users/lgijsen/BND-school/combination/combLieke/mumu_ee_tautau/results/comb_ee
[1;32m[ INFO    ][0;0m TRExFit.cc:5475      16-09-2026 15:19:24 | Reading the following regions:
[1;32m[ INFO    ][0;0m Region.cc:826        16-09-2026 15:19:24 |     Region: ee_SR
[1;32m[ INFO    ][0;0m TRExFit.cc:5479      16-09-2026 15:19:24 | Reading the following samples:
[1;32m[ INFO    ][0;0m TRExFit.cc:5481      16-09-2026 15:19:24 |      Data_2016
[1;32m[ INFO    ][0;0m TRExFit.cc:5481      16-09-2026 15:19:24 |      DYee
[1;32m[ INFO    ][0;0m TRExFit.cc:5481      16-09-2026 15:19:24 |      DY_tautau
[1;32m[ INFO    ][0;0m TRExFit.cc:5481      16-09-2026 15:19:24 |      Diboson
[1;32m[ INFO    ][0;0m TRExFit.cc:5481      16-09-2026 15:19:24 |      ttbar
[1;32m[ INFO    ][0;0m TRExFit.cc:5481      16-09-2026 15:19:24 |      Wjets
[1;32m[ INFO    ][0;0m TRExFit.cc:5483      16-09-2026 15:19:24 | Reading the following systematics:
[1;32m[ INFO    ][0;0m TRExFit.cc:5487      16-09-2026 15:19:24 |  Lumi
[1;32m[ INFO    ][0;0m TRExFit.cc:5487      16-09-2026 15:19:24 |  Pileup
[1;32m[ INFO    ][0;0m TRExFit.cc:5487      16-09-2026 15:19:24 |  L1Prefiring
[1;32m[ INFO    ][0;0m TRExFit.cc:5487      16-09-2026 15:19:24 |  ElectronRECO
[1;32m[ INFO    ][0;0m TRExFit.cc:5487      16-09-2026 15:19:24 |  ElectronID
[1;32m[ INFO    ][0;0m TRExFit.cc:5487      16-09-2026 15:19:24 |  PDF
[1;32m[ INFO    ][0;0m TRExFit.cc:5487      16-09-2026 15:19:24 |  QCDScale
[1;32m[ INFO    ][0;0m TRExFit.cc:5487      16-09-2026 15:19:24 |  XS_TTbar
[1;32m[ INFO    ][0;0m TRExFit.cc:5487      16-09-2026 15:19:24 |  XS_VV
[1;32m[ INFO    ][0;0m TRExFit.cc:5487      16-09-2026 15:19:24 |  XS_WJets
[1;32m[ INFO    ][0;0m TRExFit.cc:5487      16-09-2026 15:19:24 |  XS_DYtautau
[1;32m[ INFO    ][0;0m TRExFit.cc:5487      16-09-2026 15:19:24 |  PS_FSR
[1;32m[ INFO    ][0;0m TRExFit.cc:5487      16-09-2026 15:19:24 |  ElectronES
[1;32m[ INFO    ][0;0m TRExFit.cc:5487      16-09-2026 15:19:24 |  ElectronER
[1;32m[ INFO    ][0;0m TRExFit.cc:5491      16-09-2026 15:19:24 | -------------------------------------------
[1;32m[ INFO    ][0;0m trex-fitter.c...:471 16-09-2026 15:19:24 | Fitting...
[1;32m[ INFO    ][0;0m TRExFit.cc:4363      16-09-2026 15:19:25 | 
[1;32m[ INFO    ][0;0m TRExFit.cc:4364      16-09-2026 15:19:25 | -------------------------------------------
[1;32m[ INFO    ][0;0m TRExFit.cc:4365      16-09-2026 15:19:25 | Performing nominal fit...
[1;32m[ INFO    ][0;0m FittingTool.c...:111 16-09-2026 15:19:25 | Likelihood offset set to: initial
[1;32m[ INFO    ][0;0m FitUtils.cc:720      16-09-2026 15:19:25 | POI: mu_comb
[1;32m[ INFO    ][0;0m FitUtils.cc:721      16-09-2026 15:19:25 |    -> Constant POI : 0
[1;32m[ INFO    ][0;0m FitUtils.cc:722      16-09-2026 15:19:25 |    -> Initial value of POI : 1
[1;32m[ INFO    ][0;0m FittingTool.c...:241 16-09-2026 15:19:25 | 
[1;32m[ INFO    ][0;0m FittingTool.c...:242 16-09-2026 15:19:25 | 
[1;32m[ INFO    ][0;0m FittingTool.c...:243 16-09-2026 15:19:25 | 
[1;32m[ INFO    ][0;0m FittingTool.c...:244 16-09-2026 15:19:25 | Fit try no. 1
[1;32m[ INFO    ][0;0m FittingTool.c...:245 16-09-2026 15:19:25 | ======================
[1;32m[ INFO    ][0;0m FittingTool.c...:246 16-09-2026 15:19:25 | 
Minuit2Minimizer: Minimize with max-calls 22500 convergence for edm < 0.01 strategy 1
RooAbsMinimizerFcn: Minimized function has error status.
Returning maximum FCN so far (1255.02) to force MIGRAD to back out of this region. Error log follows.
Parameter values: 	alpha_ElectronER=0	alpha_ElectronES=0	alpha_ElectronID=0	alpha_ElectronRECO=0	alpha_L1Prefiring=0	alpha_Lumi=0	alpha_PDF=0	alpha_PS_FSR=0	alpha_Pileup=0	alpha_QCDScale=0	alpha_XS_DYtautau=0	alpha_XS_TTbar=-4.99417	alpha_XS_VV=-2.95658	alpha_XS_WJets=-4.99589	gamma_stat_ee_SR_bin_0=1	gamma_stat_ee_SR_bin_1=1	gamma_stat_ee_SR_bin_10=1	gamma_stat_ee_SR_bin_11=1	gamma_stat_ee_SR_bin_12=1	gamma_stat_ee_SR_bin_13=0.977554	gamma_stat_ee_SR_bin_14=0.984169	gamma_stat_ee_SR_bin_15=0.973372	gamma_stat_ee_SR_bin_16=0.955147	gamma_stat_ee_SR_bin_17=0.898799	gamma_stat_ee_SR_bin_18=1	gamma_stat_ee_SR_bin_19=1	gamma_stat_ee_SR_bin_2=1	gamma_stat_ee_SR_bin_20=1	gamma_stat_ee_SR_bin_21=1	gamma_stat_ee_SR_bin_22=1	gamma_stat_ee_SR_bin_23=1	gamma_stat_ee_SR_bin_24=1	gamma_stat_ee_SR_bin_25=1	gamma_stat_ee_SR_bin_26=1	gamma_stat_ee_SR_bin_27=1	gamma_stat_ee_SR_bin_28=1	gamma_stat_ee_SR_bin_29=1	gamma_stat_ee_SR_bin_3=1	gamma_stat_ee_SR_bin_4=1	gamma_stat_ee_SR_bin_5=1	gamma_stat_ee_SR_bin_6=1	gamma_stat_ee_SR_bin_7=1	gamma_stat_ee_SR_bin_8=1	gamma_stat_ee_SR_bin_9=1	mu_comb=1

RooAbsMinimizerFcn: Minimized function has error status.
Returning maximum FCN so far (1255.02) to force MIGRAD to back out of this region. Error log follows.
Parameter values: 	alpha_ElectronER=0.786224	alpha_ElectronES=0	alpha_ElectronID=-0.451115	alpha_ElectronRECO=-3.85052	alpha_L1Prefiring=4.54038	alpha_Lumi=-2.19676	alpha_PDF=-3.4919	alpha_PS_FSR=-4.80267	alpha_Pileup=3.10397	alpha_QCDScale=-4.78125	alpha_XS_DYtautau=-2.19863	alpha_XS_TTbar=-5	alpha_XS_VV=-4.87944	alpha_XS_WJets=-5	gamma_stat_ee_SR_bin_0=0.812176	gamma_stat_ee_SR_bin_1=0.873888	gamma_stat_ee_SR_bin_10=0.975441	gamma_stat_ee_SR_bin_11=0.983418	gamma_stat_ee_SR_bin_12=0.661661	gamma_stat_ee_SR_bin_13=0.959885	gamma_stat_ee_SR_bin_14=0.883172	gamma_stat_ee_SR_bin_15=0.965418	gamma_stat_ee_SR_bin_16=0.955683	gamma_stat_ee_SR_bin_17=0.937604	gamma_stat_ee_SR_bin_18=0.940995	gamma_stat_ee_SR_bin_19=0.729825	gamma_stat_ee_SR_bin_2=0.723555	gamma_stat_ee_SR_bin_20=0.810409	gamma_stat_ee_SR_bin_21=0.953585	gamma_stat_ee_SR_bin_22=0.935976	gamma_stat_ee_SR_bin_23=0.986628	gamma_stat_ee_SR_bin_24=0.97019	gamma_stat_ee_SR_bin_25=0.959783	gamma_stat_ee_SR_bin_26=0.983728	gamma_stat_ee_SR_bin_27=1.00124	gamma_stat_ee_SR_bin_28=0.96347	gamma_stat_ee_SR_bin_29=0.977645	gamma_stat_ee_SR_bin_3=0.773614	gamma_stat_ee_SR_bin_4=0.852558	gamma_stat_ee_SR_bin_5=0.86579	gamma_stat_ee_SR_bin_6=0.934566	gamma_stat_ee_SR_bin_7=0.956431	gamma_stat_ee_SR_bin_8=0.892153	gamma_stat_ee_SR_bin_9=0.943215	mu_comb=0.97354

Minuit2Minimizer : Valid minimum - status = 0
FVAL  = -9557.99651799031017
Edm   = 4.03476758535001809e-06
Nfcn  = 9377
alpha_ElectronER	  = 1.38422	 +/-  0.974685	(limited)
alpha_ElectronES	  = 0	 +/-  0.993378	(limited)
alpha_ElectronID	  = 0.594419	 +/-  0.0795513	(limited)
alpha_ElectronRECO	  = 0.444274	 +/-  0.981894	(limited)
alpha_L1Prefiring	  = 2.02115	 +/-  0.90548	(limited)
alpha_Lumi	  = -0.441126	 +/-  1.01844	(limited)
alpha_PDF	  = 0.0616215	 +/-  0.992795	(limited)
alpha_PS_FSR	  = -0.576481	 +/-  0.503226	(limited)
alpha_Pileup	  = -1.57916	 +/-  0.600361	(limited)
alpha_QCDScale	  = -1.9774	 +/-  0.389195	(limited)
alpha_XS_DYtautau	  = -1.81064	 +/-  0.932609	(limited)
alpha_XS_TTbar	  = 0.403744	 +/-  0.955795	(limited)
alpha_XS_VV	  = 0.00273753	 +/-  0.99053	(limited)
alpha_XS_WJets	  = -0.877782	 +/-  0.930068	(limited)
gamma_stat_ee_SR_bin_0	  = 0.969793	 +/-  0.00835604	(limited)
gamma_stat_ee_SR_bin_1	  = 1.00203	 +/-  0.0089927	(limited)
gamma_stat_ee_SR_bin_10	  = 1.008	 +/-  0.00322789	(limited)
gamma_stat_ee_SR_bin_11	  = 1.0172	 +/-  0.00269316	(limited)
gamma_stat_ee_SR_bin_12	  = 1.00631	 +/-  0.0019423	(limited)
gamma_stat_ee_SR_bin_13	  = 1.00097	 +/-  0.0013471	(limited)
gamma_stat_ee_SR_bin_14	  = 0.996444	 +/-  0.000970394	(limited)
gamma_stat_ee_SR_bin_15	  = 1.00702	 +/-  0.00661467	(limited)
gamma_stat_ee_SR_bin_16	  = 0.997755	 +/-  0.00107934	(limited)
gamma_stat_ee_SR_bin_17	  = 0.980232	 +/-  0.001774	(limited)
gamma_stat_ee_SR_bin_18	  = 0.981062	 +/-  0.0025182	(limited)
gamma_stat_ee_SR_bin_19	  = 1.00332	 +/-  0.00320981	(limited)
gamma_stat_ee_SR_bin_2	  = 0.944884	 +/-  0.0070072	(limited)
gamma_stat_ee_SR_bin_20	  = 0.999897	 +/-  0.00399813	(limited)
gamma_stat_ee_SR_bin_21	  = 1.02217	 +/-  0.00555922	(limited)
gamma_stat_ee_SR_bin_22	  = 1.01271	 +/-  0.00597597	(limited)
gamma_stat_ee_SR_bin_23	  = 1.04068	 +/-  0.00678888	(limited)
gamma_stat_ee_SR_bin_24	  = 1.01301	 +/-  0.00677333	(limited)
gamma_stat_ee_SR_bin_25	  = 1.01124	 +/-  0.00763075	(limited)
gamma_stat_ee_SR_bin_26	  = 1.02856	 +/-  0.00930463	(limited)
gamma_stat_ee_SR_bin_27	  = 1.04846	 +/-  0.0105508	(limited)
gamma_stat_ee_SR_bin_28	  = 1.02131	 +/-  0.0111417	(limited)
gamma_stat_ee_SR_bin_29	  = 1.02379	 +/-  0.0111936	(limited)
gamma_stat_ee_SR_bin_3	  = 0.964024	 +/-  0.00675795	(limited)
gamma_stat_ee_SR_bin_4	  = 0.974133	 +/-  0.00686393	(limited)
gamma_stat_ee_SR_bin_5	  = 0.981168	 +/-  0.00562062	(limited)
gamma_stat_ee_SR_bin_6	  = 0.993246	 +/-  0.00522859	(limited)
gamma_stat_ee_SR_bin_7	  = 1.00415	 +/-  0.00457337	(limited)
gamma_stat_ee_SR_bin_8	  = 0.986032	 +/-  0.0042357	(limited)
gamma_stat_ee_SR_bin_9	  = 0.994886	 +/-  0.00395067	(limited)
mu_comb	  = 0.920419	 +/-  0.0151107	(limited)
******************************************************************************************************
Minuit2Minimizer::GetMinosError - Run MINOS LOWER error for parameter #44 : mu_comb using max-calls 22500, tolerance 0.01
******************************************************************************************************
Minuit2Minimizer::GetMinosError - Run MINOS UPPER error for parameter #44 : mu_comb using max-calls 22500, tolerance 0.01
Warning in <Minuit2>: VariableMetricBuilder No improvement in line search
Warning in <Minuit2>: VariableMetricBuilder Iterations finish without convergence; Edm 0.00327088 Requested 5e-06
Warning in <Minuit2>: VariableMetricBuilder No convergence; Edm 0.00253865 is above tolerance 5e-05
Warning in <Minuit2>: MnMinos could not find Upper Value for Parameter mu_comb
Minos: Lower error for parameter mu_comb  :  -0.0146527
Minos:  Invalid upper error for parameter mu_comb
Warning in <Minuit2>: RunMinosError Invalid upper error for parameter mu_comb
[#0] ERROR:Minimization -- RooMinimizer::calculateMinosErrors() Minos error calculation failed for all the selected parameters
[1;32m[ INFO    ][0;0m FittingTool.c...:351 16-09-2026 15:19:25 | 
[1;32m[ INFO    ][0;0m FittingTool.c...:352 16-09-2026 15:19:25 | 
[1;32m[ INFO    ][0;0m FittingTool.c...:353 16-09-2026 15:19:25 | 
[1;32m[ INFO    ][0;0m FittingTool.c...:354 16-09-2026 15:19:25 | ***********************************************************
[1;32m[ INFO    ][0;0m FittingTool.c...:355 16-09-2026 15:19:25 |          FIT FINALIZED SUCCESSFULLY : 
[1;32m[ INFO    ][0;0m FittingTool.c...:356 16-09-2026 15:19:25 |             - minuit status 0
[1;32m[ INFO    ][0;0m FittingTool.c...:357 16-09-2026 15:19:25 |             - hess status 0
[1;32m[ INFO    ][0;0m FittingTool.c...:358 16-09-2026 15:19:25 |             - Edm = 3.6681e-06
[1;32m[ INFO    ][0;0m FittingTool.c...:359 16-09-2026 15:19:25 |             - minos status -1
[1;32m[ INFO    ][0;0m FittingTool.c...:361 16-09-2026 15:19:25 | ***********************************************************
[1;32m[ INFO    ][0;0m FittingTool.c...:362 16-09-2026 15:19:25 | 
[1;32m[ INFO    ][0;0m FittingTool.c...:363 16-09-2026 15:19:25 | 
[1;32m[ INFO    ][0;0m FittingTool.c...:364 16-09-2026 15:19:25 | 
[1;32m[ INFO    ][0;0m FittingTool.c...:377 16-09-2026 15:19:25 | ***********************************************************
[1;32m[ INFO    ][0;0m FittingTool.c...:378 16-09-2026 15:19:25 |   Final value of the NLL = 519.41532317918358785391
[1;32m[ INFO    ][0;0m FittingTool.c...:379 16-09-2026 15:19:25 | ***********************************************************
[1;32m[ INFO    ][0;0m TRExFit.cc:4834      16-09-2026 15:19:25 | ----------------------- -------------------------- -----------------------
[1;32m[ INFO    ][0;0m TRExFit.cc:4835      16-09-2026 15:19:25 | -----------------------     ERROR DECOMPOSITION    -----------------------
[1;32m[ INFO    ][0;0m TRExFit.cc:4836      16-09-2026 15:19:25 |   POI :  +/-tot.err  (+/-stat  +/-syst)
[1;32m[ INFO    ][0;0m TRExFit.cc:4837      16-09-2026 15:19:25 | ----------------------- -------------------------- -----------------------
[1;32m[ INFO    ][0;0m TRExFit.cc:4841      16-09-2026 15:19:25 |   mu_comb :  +/-0.0153422  (+/--nan  +/-0.0155518)
[1;32m[ INFO    ][0;0m TRExFit.cc:4844      16-09-2026 15:19:25 |   Full breakdown will be written to file in the Fits/ folder.
[1;32m[ INFO    ][0;0m TRExFit.cc:4845      16-09-2026 15:19:25 | ----------------------- -------------------------- -----------------------
[1;32m[ INFO    ][0;0m TRExFit.cc:4858      16-09-2026 15:19:25 | ----------------------- -------------------------- -----------------------
[1;32m[ INFO    ][0;0m TRExFit.cc:4859      16-09-2026 15:19:25 | ----------------------- GOODNESS OF FIT EVALUATION -----------------------
[1;32m[ INFO    ][0;0m TRExFit.cc:4860      16-09-2026 15:19:25 |   probability = 7.44337e-43
[1;32m[ INFO    ][0;0m TRExFit.cc:4861      16-09-2026 15:19:25 | ----------------------- -------------------------- -----------------------
[0;33m[ WARNING ][0;0m FittingTool.c...:806 16-09-2026 15:19:25 | NuisanceParameter: alpha_Lumi is underconstrained! This may indicate fit convergence problems!
[1;32m[ INFO    ][0;0m FittingTool....:1223 16-09-2026 15:19:25 | Producing group uncertainty breakdown for POI: mu_comb
[1;32m[ INFO    ][0;0m FittingTool....:1224 16-09-2026 15:19:25 | The txt file will be stored here: /project/atlas/Users/lgijsen/BND-school/combination/combLieke/mumu_ee_tautau/results/comb_ee/Fits/comb_ee_group_errDecomp_mu_comb.txt
[1;32m[ INFO    ][0;0m YamlConverter...:361 16-09-2026 15:19:25 | Writing impact yaml file to: /project/atlas/Users/lgijsen/BND-school/combination/combLieke/mumu_ee_tautau/results/comb_ee/Fits/comb_ee_group_errDecomp_mu_comb.yaml
[1;32m[ INFO    ][0;0m YamlConverter...:361 16-09-2026 15:19:25 | Writing ranking yaml file to: /project/atlas/Users/lgijsen/BND-school/combination/combLieke/mumu_ee_tautau/results/comb_ee/Rankings/Ranking_mu_comb_Breakdown.yaml
[1;32m[ INFO    ][0;0m TRExFit.cc:5405      16-09-2026 15:19:25 | ------------------------------------------------------
[1;32m[ INFO    ][0;0m TRExFit.cc:5406      16-09-2026 15:19:25 | Reading fit results from file
[1;32m[ INFO    ][0;0m TRExFit.cc:5405      16-09-2026 15:19:26 | ------------------------------------------------------
[1;32m[ INFO    ][0;0m TRExFit.cc:5406      16-09-2026 15:19:26 | Reading fit results from file
[1;32m[ INFO    ][0;0m YamlConverter...:361 16-09-2026 15:19:26 | Writing correlation yaml file to: /project/atlas/Users/lgijsen/BND-school/combination/combLieke/mumu_ee_tautau/results/comb_ee/CorrelationMatrix.yaml
